Archive member included to satisfy reference by file (symbol)

c:/intelfpga_lite/18.1/nios2eds/bin/gnu/h-x86_64-mingw32/bin/../lib/gcc/nios2-elf/5.3.0\libgcc.a(lib2-divmod.o)
                              obj/default/hello_world.o (__divsi3)
c:/intelfpga_lite/18.1/nios2eds/bin/gnu/h-x86_64-mingw32/bin/../lib/gcc/nios2-elf/5.3.0/../../../../../H-x86_64-mingw32/nios2-elf/lib\libc.a(lib_a-printf.o)
                              obj/default/hello_world.o (printf)
c:/intelfpga_lite/18.1/nios2eds/bin/gnu/h-x86_64-mingw32/bin/../lib/gcc/nios2-elf/5.3.0/../../../../../H-x86_64-mingw32/nios2-elf/lib\libc.a(lib_a-vfprintf.o)
                              c:/intelfpga_lite/18.1/nios2eds/bin/gnu/h-x86_64-mingw32/bin/../lib/gcc/nios2-elf/5.3.0/../../../../../H-x86_64-mingw32/nios2-elf/lib\libc.a(lib_a-printf.o) (___vfprintf_internal_r)
c:/intelfpga_lite/18.1/nios2eds/bin/gnu/h-x86_64-mingw32/bin/../lib/gcc/nios2-elf/5.3.0/../../../../../H-x86_64-mingw32/nios2-elf/lib\libc.a(lib_a-wsetup.o)
                              c:/intelfpga_lite/18.1/nios2eds/bin/gnu/h-x86_64-mingw32/bin/../lib/gcc/nios2-elf/5.3.0/../../../../../H-x86_64-mingw32/nios2-elf/lib\libc.a(lib_a-vfprintf.o) (__swsetup_r)
c:/intelfpga_lite/18.1/nios2eds/bin/gnu/h-x86_64-mingw32/bin/../lib/gcc/nios2-elf/5.3.0/../../../../../H-x86_64-mingw32/nios2-elf/lib\libc.a(lib_a-dtoa.o)
                              c:/intelfpga_lite/18.1/nios2eds/bin/gnu/h-x86_64-mingw32/bin/../lib/gcc/nios2-elf/5.3.0/../../../../../H-x86_64-mingw32/nios2-elf/lib\libc.a(lib_a-vfprintf.o) (_dtoa_r)
c:/intelfpga_lite/18.1/nios2eds/bin/gnu/h-x86_64-mingw32/bin/../lib/gcc/nios2-elf/5.3.0/../../../../../H-x86_64-mingw32/nios2-elf/lib\libc.a(lib_a-fflush.o)
                              c:/intelfpga_lite/18.1/nios2eds/bin/gnu/h-x86_64-mingw32/bin/../lib/gcc/nios2-elf/5.3.0/../../../../../H-x86_64-mingw32/nios2-elf/lib\libc.a(lib_a-vfprintf.o) (_fflush_r)
c:/intelfpga_lite/18.1/nios2eds/bin/gnu/h-x86_64-mingw32/bin/../lib/gcc/nios2-elf/5.3.0/../../../../../H-x86_64-mingw32/nios2-elf/lib\libc.a(lib_a-findfp.o)
                              c:/intelfpga_lite/18.1/nios2eds/bin/gnu/h-x86_64-mingw32/bin/../lib/gcc/nios2-elf/5.3.0/../../../../../H-x86_64-mingw32/nios2-elf/lib\libc.a(lib_a-vfprintf.o) (__sinit)
c:/intelfpga_lite/18.1/nios2eds/bin/gnu/h-x86_64-mingw32/bin/../lib/gcc/nios2-elf/5.3.0/../../../../../H-x86_64-mingw32/nios2-elf/lib\libc.a(lib_a-freer.o)
                              c:/intelfpga_lite/18.1/nios2eds/bin/gnu/h-x86_64-mingw32/bin/../lib/gcc/nios2-elf/5.3.0/../../../../../H-x86_64-mingw32/nios2-elf/lib\libc.a(lib_a-wsetup.o) (_free_r)
c:/intelfpga_lite/18.1/nios2eds/bin/gnu/h-x86_64-mingw32/bin/../lib/gcc/nios2-elf/5.3.0/../../../../../H-x86_64-mingw32/nios2-elf/lib\libc.a(lib_a-fwalk.o)
                              c:/intelfpga_lite/18.1/nios2eds/bin/gnu/h-x86_64-mingw32/bin/../lib/gcc/nios2-elf/5.3.0/../../../../../H-x86_64-mingw32/nios2-elf/lib\libc.a(lib_a-findfp.o) (_fwalk)
c:/intelfpga_lite/18.1/nios2eds/bin/gnu/h-x86_64-mingw32/bin/../lib/gcc/nios2-elf/5.3.0/../../../../../H-x86_64-mingw32/nios2-elf/lib\libc.a(lib_a-impure.o)
                              c:/intelfpga_lite/18.1/nios2eds/bin/gnu/h-x86_64-mingw32/bin/../lib/gcc/nios2-elf/5.3.0/../../../../../H-x86_64-mingw32/nios2-elf/lib\libc.a(lib_a-fflush.o) (_global_impure_ptr)
c:/intelfpga_lite/18.1/nios2eds/bin/gnu/h-x86_64-mingw32/bin/../lib/gcc/nios2-elf/5.3.0/../../../../../H-x86_64-mingw32/nios2-elf/lib\libc.a(lib_a-locale.o)
                              c:/intelfpga_lite/18.1/nios2eds/bin/gnu/h-x86_64-mingw32/bin/../lib/gcc/nios2-elf/5.3.0/../../../../../H-x86_64-mingw32/nios2-elf/lib\libc.a(lib_a-vfprintf.o) (_localeconv_r)
c:/intelfpga_lite/18.1/nios2eds/bin/gnu/h-x86_64-mingw32/bin/../lib/gcc/nios2-elf/5.3.0/../../../../../H-x86_64-mingw32/nios2-elf/lib\libc.a(lib_a-makebuf.o)
                              c:/intelfpga_lite/18.1/nios2eds/bin/gnu/h-x86_64-mingw32/bin/../lib/gcc/nios2-elf/5.3.0/../../../../../H-x86_64-mingw32/nios2-elf/lib\libc.a(lib_a-wsetup.o) (__smakebuf_r)
c:/intelfpga_lite/18.1/nios2eds/bin/gnu/h-x86_64-mingw32/bin/../lib/gcc/nios2-elf/5.3.0/../../../../../H-x86_64-mingw32/nios2-elf/lib\libc.a(lib_a-mallocr.o)
                              c:/intelfpga_lite/18.1/nios2eds/bin/gnu/h-x86_64-mingw32/bin/../lib/gcc/nios2-elf/5.3.0/../../../../../H-x86_64-mingw32/nios2-elf/lib\libc.a(lib_a-findfp.o) (_malloc_r)
c:/intelfpga_lite/18.1/nios2eds/bin/gnu/h-x86_64-mingw32/bin/../lib/gcc/nios2-elf/5.3.0/../../../../../H-x86_64-mingw32/nios2-elf/lib\libc.a(lib_a-memchr.o)
                              c:/intelfpga_lite/18.1/nios2eds/bin/gnu/h-x86_64-mingw32/bin/../lib/gcc/nios2-elf/5.3.0/../../../../../H-x86_64-mingw32/nios2-elf/lib\libc.a(lib_a-vfprintf.o) (memchr)
c:/intelfpga_lite/18.1/nios2eds/bin/gnu/h-x86_64-mingw32/bin/../lib/gcc/nios2-elf/5.3.0/../../../../../H-x86_64-mingw32/nios2-elf/lib\libc.a(lib_a-memcpy.o)
[...]
Memory Configuration

Name             Origin             Length             Attributes
reset            0x0000000000020000 0x0000000000000020
onchip_memory2_0 0x0000000000020020 0x000000000001ffe0
*default*        0x0000000000000000 0xffffffffffffffff

Linker script and memory map

LOAD C:/RTES/variants/onchip_instrCacheDisabled_dataCacheDisabled/sw/nios/onchip_instrCacheDisabled_dataCacheDisabled_bsp//obj/HAL/src/crt0.o
LOAD obj/default/hello_world.o
LOAD c:/intelfpga_lite/18.1/nios2eds/bin/gnu/h-x86_64-mingw32/bin/../lib/gcc/nios2-elf/5.3.0/../../../../../H-x86_64-mingw32/nios2-elf/lib\libstdc++.a
LOAD c:/intelfpga_lite/18.1/nios2eds/bin/gnu/h-x86_64-mingw32/bin/../lib/gcc/nios2-elf/5.3.0/../../../../../H-x86_64-mingw32/nios2-elf/lib\libm.a
LOAD c:/intelfpga_lite/18.1/nios2eds/bin/gnu/h-x86_64-mingw32/bin/../lib/gcc/nios2-elf/5.3.0\libgcc.a
START GROUP
LOAD c:/intelfpga_lite/18.1/nios2eds/bin/gnu/h-x86_64-mingw32/bin/../lib/gcc/nios2-elf/5.3.0/../../../../../H-x86_64-mingw32/nios2-elf/lib\libc.a
LOAD c:/intelfpga_lite/18.1/nios2eds/bin/gnu/h-x86_64-mingw32/bin/../lib/gcc/nios2-elf/5.3.0\libgcc.a
LOAD C:/RTES/variants/onchip_instrCacheDisabled_dataCacheDisabled/sw/nios/onchip_instrCacheDisabled_dataCacheDisabled_bsp/\libhal_bsp.a
LOAD c:/intelfpga_lite/18.1/nios2eds/bin/gnu/h-x86_64-mingw32/bin/../lib/gcc/nios2-elf/5.3.0/../../../../../H-x86_64-mingw32/nios2-elf/lib\libm.a
END GROUP
LOAD c:/intelfpga_lite/18.1/nios2eds/bin/gnu/h-x86_64-mingw32/bin/../lib/gcc/nios2-elf/5.3.0\libgcc.a
                0x0000000000020000                __alt_mem_onchip_memory2_0 = 0x20000

.entry          0x0000000000020000       0x20
 *(.entry)
 .entry         0x0000000000020000       0x20 C:/RTES/variants/onchip_instrCacheDisabled_dataCacheDisabled/sw/nios/onchip_instrCacheDisabled_dataCacheDisabled_bsp//obj/HAL/src/crt0.o
                0x0000000000020000                __reset

.exceptions     0x0000000000020020      0x234
                0x0000000000020020                PROVIDE (__ram_exceptions_start, ABSOLUTE (.))
                0x0000000000020020                . = ALIGN (0x20)
 *(.irq)
 *(.exceptions.entry.label)
 .exceptions.entry.label
                0x0000000000020020        0x0 C:/RTES/variants/onchip_instrCacheDisabled_dataCacheDisabled/sw/nios/onchip_instrCacheDisabled_dataCacheDisabled_bsp/\libhal_bsp.a(alt_irq_entry.o)
                0x0000000000020020                alt_irq_entry
 .exceptions.entry.label
                0x0000000000020020        0x0 C:/RTES/variants/onchip_instrCacheDisabled_dataCacheDisabled/sw/nios/onchip_instrCacheDisabled_dataCacheDisabled_bsp/\libhal_bsp.a(alt_exception_entry.o)
                0x0000000000020020                alt_exception
 *(.exceptions.entry.user)
 *(.exceptions.entry.ecc_fatal)
 *(.exceptions.entry)
 .exceptions.entry
                0x0000000000020020       0x54 C:/RTES/variants/onchip_instrCacheDisabled_dataCacheDisabled/sw/nios/onchip_instrCacheDisabled_dataCacheDisabled_bsp/\libhal_bsp.a(alt_exception_entry.o)
 *(.exceptions.irqtest.user)
 *(.exceptions.irqtest)
 .exceptions.irqtest
                0x0000000000020074       0x10 C:/RTES/variants/onchip_instrCacheDisabled_dataCacheDisabled/sw/nios/onchip_instrCacheDisabled_dataCacheDisabled_bsp/\libhal_bsp.a(alt_irq_entry.o)
 *(.exceptions.irqhandler.user)
 *(.exceptions.irqhandler)
 .exceptions.irqhandler
                0x0000000000020084        0x4 C:/RTES/variants/onchip_instrCacheDisabled_dataCacheDisabled/sw/nios/onchip_instrCacheDisabled_dataCacheDisabled_bsp/\libhal_bsp.a(alt_irq_entry.o)
 *(.exceptions.irqreturn.user)
 *(.exceptions.irqreturn)
 .exceptions.irqreturn
                0x0000000000020088        0x4 C:/RTES/variants/onchip_instrCacheDisabled_dataCacheDisabled/sw/nios/onchip_instrCacheDisabled_dataCacheDisabled_bsp/\libhal_bsp.a(alt_irq_entry.o)
 *(.exceptions.notirq.label)
 .exceptions.notirq.label
                0x000000000002008c        0x0 C:/RTES/variants/onchip_instrCacheDisabled_dataCacheDisabled/sw/nios/onchip_instrCacheDisabled_dataCacheDisabled_bsp/\libhal_bsp.a(alt_irq_entry.o)
 *(.exceptions.notirq.user)
 *(.exceptions.notirq)
 .exceptions.notirq
                0x000000000002008c        0x8 C:/RTES/variants/onchip_instrCacheDisabled_dataCacheDisabled/sw/nios/onchip_instrCacheDisabled_dataCacheDisabled_bsp/\libhal_bsp.a(alt_exception_entry.o)
 *(.exceptions.soft.user)
 *(.exceptions.soft)
 *(.exceptions.unknown.user)
 *(.exceptions.unknown)
 .exceptions.unknown
                0x0000000000020094       0x14 C:/RTES/variants/onchip_instrCacheDisabled_dataCacheDisabled/sw/nios/onchip_instrCacheDisabled_dataCacheDisabled_bsp/\libhal_bsp.a(alt_exception_entry.o)
 *(.exceptions.exit.label)
 .exceptions.exit.label
                0x00000000000200a8        0x0 C:/RTES/variants/onchip_instrCacheDisabled_dataCacheDisabled/sw/nios/onchip_instrCacheDisabled_dataCacheDisabled_bsp/\libhal_bsp.a(alt_irq_entry.o)
 .exceptions.exit.label
                0x00000000000200a8        0x0 C:/RTES/variants/onchip_instrCacheDisabled_dataCacheDisabled/sw/nios/onchip_instrCacheDisabled_dataCacheDisabled_bsp/\libhal_bsp.a(alt_exception_entry.o)
 *(.exceptions.exit.user)
 *(.exceptions.exit)
 .exceptions.exit
                0x00000000000200a8       0x54 C:/RTES/variants/onchip_instrCacheDisabled_dataCacheDisabled/sw/nios/onchip_instrCacheDisabled_dataCacheDisabled_bsp/\libhal_bsp.a(alt_exception_entry.o)
 *(.exceptions)
 .exceptions    0x00000000000200fc       0xe4 C:/RTES/variants/onchip_instrCacheDisabled_dataCacheDisabled/sw/nios/onchip_instrCacheDisabled_dataCacheDisabled_bsp/\libhal_bsp.a(alt_irq_handler.o)
                0x00000000000200fc                alt_irq_handler
 .exceptions    0x00000000000201e0       0x74 C:/RTES/variants/onchip_instrCacheDisabled_dataCacheDisabled/sw/nios/onchip_instrCacheDisabled_dataCacheDisabled_bsp/\libhal_bsp.a(alt_instruction_exception_entry.o)
                0x00000000000201e0                alt_instruction_exception_entry
                0x0000000000020254                PROVIDE (__ram_exceptions_end, ABSOLUTE (.))
                0x0000000000020020                PROVIDE (__flash_exceptions_start, LOADADDR (.exceptions))

.text           0x0000000000020254     0xfbd8
                [!provide]                        PROVIDE (stext, ABSOLUTE (.))
 *(.interp)
 *(.hash)
 *(.dynsym)
 *(.dynstr)
 *(.gnu.version)
 *(.gnu.version_d)
 *(.gnu.version_r)
 *(.rel.init)
 *(.rela.init)
 *(.rel.text .rel.text.* .rel.gnu.linkonce.t.*)
 *(.rela.text .rela.text.* .rela.gnu.linkonce.t.*)
 *(.rel.fini)
 *(.rela.fini)
 *(.rel.rodata .rel.rodata.* .rel.gnu.linkonce.r.*)
 *(.rela.rodata .rela.rodata.* .rela.gnu.linkonce.r.*)
 *(.rel.data .rel.data.* .rel.gnu.linkonce.d.*)
 *(.rela.data .rela.data.* .rela.gnu.linkonce.d.*)
 *(.rel.tdata .rel.tdata.* .rel.gnu.linkonce.td.*)
 *(.rela.tdata .rela.tdata.* .rela.gnu.linkonce.td.*)
 *(.rel.tbss .rel.tbss.* .rel.gnu.linkonce.tb.*)
 *(.rela.tbss .rela.tbss.* .rela.gnu.linkonce.tb.*)
 *(.rel.ctors)
 *(.rela.ctors)
 *(.rel.dtors)
 *(.rela.dtors)
 *(.rel.got)
 *(.rela.got)
 *(.rel.sdata .rel.sdata.* .rel.gnu.linkonce.s.*)
 *(.rela.sdata .rela.sdata.* .rela.gnu.linkonce.s.*)
 *(.rel.sbss .rel.sbss.* .rel.gnu.linkonce.sb.*)
 *(.rela.sbss .rela.sbss.* .rela.gnu.linkonce.sb.*)
 *(.rel.sdata2 .rel.sdata2.* .rel.gnu.linkonce.s2.*)
 *(.rela.sdata2 .rela.sdata2.* .rela.gnu.linkonce.s2.*)
 *(.rel.sbss2 .rel.sbss2.* .rel.gnu.linkonce.sb2.*)
 *(.rela.sbss2 .rela.sbss2.* .rela.gnu.linkonce.sb2.*)
 *(.rel.bss .rel.bss.* .rel.gnu.linkonce.b.*)
 *(.rela.bss .rela.bss.* .rela.gnu.linkonce.b.*)
 *(.rel.plt)
 *(.rela.plt)
 *(.rel.dyn)
 *(.init)
 *(.plt)
 *(.text .stub .text.* .gnu.linkonce.t.*)
 .text          0x0000000000020254       0x3c C:/RTES/variants/onchip_instrCacheDisabled_dataCacheDisabled/sw/nios/onchip_instrCacheDisabled_dataCacheDisabled_bsp//obj/HAL/src/crt0.o
                0x0000000000020254                _start
 .text          0x0000000000020290      0x8a0 obj/default/hello_world.o
                0x0000000000020290                test_parallel_port
                0x00000000000202e8                test_counter
                0x000000000002048c                resp_isr_print
                0x0000000000020518                resp_isr_parport
                0x000000000002055c                test_resptime_print
                0x00000000000206b4                test_resptime_parport
                0x0000000000020750                recov_isr_print
                0x00000000000207a4                recov_isr_parport
                0x00000000000207f8                test_recovtime_print
                0x0000000000020984                test_recovtime_parport
                0x0000000000020a30                latency_isr_parport
                0x0000000000020a64                test_latency_parport
                0x0000000000020b00                main
 .text          0x0000000000020b30      0x1b4 c:/intelfpga_lite/18.1/nios2eds/bin/gnu/h-x86_64-mingw32/bin/../lib/gcc/nios2-elf/5.3.0\libgcc.a(lib2-divmod.o)
                0x0000000000020b30                __divsi3
                0x0000000000020bb4                __modsi3
                0x0000000000020c28                __udivsi3
                0x0000000000020c8c                __umodsi3
 .text          0x0000000000020ce4        0x0 c:/intelfpga_lite/18.1/nios2eds/bin/gnu/h-x86_64-mingw32/bin/../lib/gcc/nios2-elf/5.3.0/../../../../../H-x86_64-mingw32/nios2-elf/lib\libc.a(lib_a-printf.o)
 .text._printf_r
                0x0000000000020ce4       0x30 c:/intelfpga_lite/18.1/nios2eds/bin/gnu/h-x86_64-mingw32/bin/../lib/gcc/nios2-elf/5.3.0/../../../../../H-x86_64-mingw32/nios2-elf/lib\libc.a(lib_a-printf.o)
                0x0000000000020ce4                _printf_r
 .text.printf   0x0000000000020d14       0x3c c:/intelfpga_lite/18.1/nios2eds/bin/gnu/h-x86_64-mingw32/bin/../lib/gcc/nios2-elf/5.3.0/../../../../../H-x86_64-mingw32/nios2-elf/lib\libc.a(lib_a-printf.o)
                0x0000000000020d14                printf
 .text          0x0000000000020d50        0x0 c:/intelfpga_lite/18.1/nios2eds/bin/gnu/h-x86_64-mingw32/bin/../lib/gcc/nios2-elf/5.3.0/../../../../../H-x86_64-mingw32/nios2-elf/lib\libc.a(lib_a-vfprintf.o)
 .text.___vfprintf_internal_r
                0x0000000000020d50     0x21f8 c:/intelfpga_lite/18.1/nios2eds/bin/gnu/h-x86_64-mingw32/bin/../lib/gcc/nios2-elf/5.3.0/../../../../../H-x86_64-mingw32/nios2-elf/lib\libc.a(lib_a-vfprintf.o)
                0x0000000000020d50                ___vfprintf_internal_r
 .text.__vfprintf_internal
                0x0000000000022f48       0x1c c:/intelfpga_lite/18.1/nios2eds/bin/gnu/h-x86_64-mingw32/bin/../lib/gcc/nios2-elf/5.3.0/../../../../../H-x86_64-mingw32/nios2-elf/lib\libc.a(lib_a-vfprintf.o)
                0x0000000000022f48                __vfprintf_internal
 .text.__sbprintf
                0x0000000000022f64       0xbc c:/intelfpga_lite/18.1/nios2eds/bin/gnu/h-x86_64-mingw32/bin/../lib/gcc/nios2-elf/5.3.0/../../../../../H-x86_64-mingw32/nios2-elf/lib\libc.a(lib_a-vfprintf.o)
 .text          0x0000000000023020        0x0 c:/intelfpga_lite/18.1/nios2eds/bin/gnu/h-x86_64-mingw32/bin/../lib/gcc/nios2-elf/5.3.0/../../../../../H-x86_64-mingw32/nios2-elf/lib\libc.a(lib_a-wsetup.o)
 .text.__swsetup_r
                0x0000000000023020      0x154 c:/intelfpga_lite/18.1/nios2eds/bin/gnu/h-x86_64-mingw32/bin/../lib/gcc/nios2-elf/5.3.0/../../../../../H-x86_64-mingw32/nios2-elf/lib\libc.a(lib_a-wsetup.o)
                0x0000000000023020                __swsetup_r
 .text          0x0000000000023174        0x0 c:/intelfpga_lite/18.1/nios2eds/bin/gnu/h-x86_64-mingw32/bin/../lib/gcc/nios2-elf/5.3.0/../../../../../H-x86_64-mingw32/nios2-elf/lib\libc.a(lib_a-dtoa.o)
 .text.quorem   0x0000000000023174      0x200 c:/intelfpga_lite/18.1/nios2eds/bin/gnu/h-x86_64-mingw32/bin/../lib/gcc/nios2-elf/5.3.0/../../../../../H-x86_64-mingw32/nios2-elf/lib\libc.a(lib_a-dtoa.o)
 .text._dtoa_r  0x0000000000023374     0x1688 c:/intelfpga_lite/18.1/nios2eds/bin/gnu/h-x86_64-mingw32/bin/../lib/gcc/nios2-elf/5.3.0/../../../../../H-x86_64-mingw32/nios2-elf/lib\libc.a(lib_a-dtoa.o)
                0x0000000000023374                _dtoa_r
 .text          0x00000000000249fc        0x0 c:/intelfpga_lite/18.1/nios2eds/bin/gnu/h-x86_64-mingw32/bin/../lib/gcc/nios2-elf/5.3.0/../../../../../H-x86_64-mingw32/nios2-elf/lib\libc.a(lib_a-fflush.o)
 .text.__sflush_r
                0x00000000000249fc      0x21c c:/intelfpga_lite/18.1/nios2eds/bin/gnu/h-x86_64-mingw32/bin/../lib/gcc/nios2-elf/5.3.0/../../../../../H-x86_64-mingw32/nios2-elf/lib\libc.a(lib_a-fflush.o)
                0x00000000000249fc                __sflush_r
 .text._fflush_r
                0x0000000000024c18       0x5c c:/intelfpga_lite/18.1/nios2eds/bin/gnu/h-x86_64-mingw32/bin/../lib/gcc/nios2-elf/5.3.0/../../../../../H-x86_64-mingw32/nios2-elf/lib\libc.a(lib_a-fflush.o)
                0x0000000000024c18                _fflush_r
 .text.fflush   0x0000000000024c74       0x30 c:/intelfpga_lite/18.1/nios2eds/bin/gnu/h-x86_64-mingw32/bin/../lib/gcc/nios2-elf/5.3.0/../../../../../H-x86_64-mingw32/nios2-elf/lib\libc.a(lib_a-fflush.o)
                0x0000000000024c74                fflush
 .text          0x0000000000024ca4        0x0 c:/intelfpga_lite/18.1/nios2eds/bin/gnu/h-x86_64-mingw32/bin/../lib/gcc/nios2-elf/5.3.0/../../../../../H-x86_64-mingw32/nios2-elf/lib\libc.a(lib_a-findfp.o)
 .text.__fp_unlock
                0x0000000000024ca4        0x8 c:/intelfpga_lite/18.1/nios2eds/bin/gnu/h-x86_64-mingw32/bin/../lib/gcc/nios2-elf/5.3.0/../../../../../H-x86_64-mingw32/nios2-elf/lib\libc.a(lib_a-findfp.o)
 .text._cleanup_r
                0x0000000000024cac        0xc c:/intelfpga_lite/18.1/nios2eds/bin/gnu/h-x86_64-mingw32/bin/../lib/gcc/nios2-elf/5.3.0/../../../../../H-x86_64-mingw32/nios2-elf/lib\libc.a(lib_a-findfp.o)
                0x0000000000024cac                _cleanup_r
 .text.__sinit.part.1
                0x0000000000024cb8      0x19c c:/intelfpga_lite/18.1/nios2eds/bin/gnu/h-x86_64-mingw32/bin/../lib/gcc/nios2-elf/5.3.0/../../../../../H-x86_64-mingw32/nios2-elf/lib\libc.a(lib_a-findfp.o)
 .text.__fp_lock
                0x0000000000024e54        0x8 c:/intelfpga_lite/18.1/nios2eds/bin/gnu/h-x86_64-mingw32/bin/../lib/gcc/nios2-elf/5.3.0/../../../../../H-x86_64-mingw32/nios2-elf/lib\libc.a(lib_a-findfp.o)
 .text.__sfmoreglue
                0x0000000000024e5c       0x68 c:/intelfpga_lite/18.1/nios2eds/bin/gnu/h-x86_64-mingw32/bin/../lib/gcc/nios2-elf/5.3.0/../../../../../H-x86_64-mingw32/nios2-elf/lib\libc.a(lib_a-findfp.o)
                0x0000000000024e5c                __sfmoreglue
 .text.__sfp    0x0000000000024ec4      0x118 c:/intelfpga_lite/18.1/nios2eds/bin/gnu/h-x86_64-mingw32/bin/../lib/gcc/nios2-elf/5.3.0/../../../../../H-x86_64-mingw32/nios2-elf/lib\libc.a(lib_a-findfp.o)
                0x0000000000024ec4                __sfp
 .text._cleanup
                0x0000000000024fdc       0x18 c:/intelfpga_lite/18.1/nios2eds/bin/gnu/h-x86_64-mingw32/bin/../lib/gcc/nios2-elf/5.3.0/../../../../../H-x86_64-mingw32/nios2-elf/lib\libc.a(lib_a-findfp.o)
                0x0000000000024fdc                _cleanup
 .text.__sinit  0x0000000000024ff4       0x10 c:/intelfpga_lite/18.1/nios2eds/bin/gnu/h-x86_64-mingw32/bin/../lib/gcc/nios2-elf/5.3.0/../../../../../H-x86_64-mingw32/nios2-elf/lib\libc.a(lib_a-findfp.o)
                0x0000000000024ff4                __sinit
 .text.__sfp_lock_acquire
                0x0000000000025004        0x4 c:/intelfpga_lite/18.1/nios2eds/bin/gnu/h-x86_64-mingw32/bin/../lib/gcc/nios2-elf/5.3.0/../../../../../H-x86_64-mingw32/nios2-elf/lib\libc.a(lib_a-findfp.o)
                0x0000000000025004                __sfp_lock_acquire
 .text.__sfp_lock_release
                0x0000000000025008        0x4 c:/intelfpga_lite/18.1/nios2eds/bin/gnu/h-x86_64-mingw32/bin/../lib/gcc/nios2-elf/5.3.0/../../../../../H-x86_64-mingw32/nios2-elf/lib\libc.a(lib_a-findfp.o)
                0x0000000000025008                __sfp_lock_release
 .text.__sinit_lock_acquire
                0x000000000002500c        0x4 c:/intelfpga_lite/18.1/nios2eds/bin/gnu/h-x86_64-mingw32/bin/../lib/gcc/nios2-elf/5.3.0/../../../../../H-x86_64-mingw32/nios2-elf/lib\libc.a(lib_a-findfp.o)
                0x000000000002500c                __sinit_lock_acquire
 .text.__sinit_lock_release
                0x0000000000025010        0x4 c:/intelfpga_lite/18.1/nios2eds/bin/gnu/h-x86_64-mingw32/bin/../lib/gcc/nios2-elf/5.3.0/../../../../../H-x86_64-mingw32/nios2-elf/lib\libc.a(lib_a-findfp.o)
                0x0000000000025010                __sinit_lock_release
 .text.__fp_lock_all
                0x0000000000025014       0x18 c:/intelfpga_lite/18.1/nios2eds/bin/gnu/h-x86_64-mingw32/bin/../lib/gcc/nios2-elf/5.3.0/../../../../../H-x86_64-mingw32/nios2-elf/lib\libc.a(lib_a-findfp.o)
                0x0000000000025014                __fp_lock_all
 .text.__fp_unlock_all
                0x000000000002502c       0x18 c:/intelfpga_lite/18.1/nios2eds/bin/gnu/h-x86_64-mingw32/bin/../lib/gcc/nios2-elf/5.3.0/../../../../../H-x86_64-mingw32/nios2-elf/lib\libc.a(lib_a-findfp.o)
                0x000000000002502c                __fp_unlock_all
 .text          0x0000000000025044        0x0 c:/intelfpga_lite/18.1/nios2eds/bin/gnu/h-x86_64-mingw32/bin/../lib/gcc/nios2-elf/5.3.0/../../../../../H-x86_64-mingw32/nios2-elf/lib\libc.a(lib_a-freer.o)
 .text._malloc_trim_r
                0x0000000000025044      0x124 c:/intelfpga_lite/18.1/nios2eds/bin/gnu/h-x86_64-mingw32/bin/../lib/gcc/nios2-elf/5.3.0/../../../../../H-x86_64-mingw32/nios2-elf/lib\libc.a(lib_a-freer.o)
                0x0000000000025044                _malloc_trim_r
 .text._free_r  0x0000000000025168      0x310 c:/intelfpga_lite/18.1/nios2eds/bin/gnu/h-x86_64-mingw32/bin/../lib/gcc/nios2-elf/5.3.0/../../../../../H-x86_64-mingw32/nios2-elf/lib\libc.a(lib_a-freer.o)
                0x0000000000025168                _free_r
 .text          0x0000000000025478        0x0 c:/intelfpga_lite/18.1/nios2eds/bin/gnu/h-x86_64-mingw32/bin/../lib/gcc/nios2-elf/5.3.0/../../../../../H-x86_64-mingw32/nios2-elf/lib\libc.a(lib_a-fwalk.o)
 .text._fwalk   0x0000000000025478       0xc4 c:/intelfpga_lite/18.1/nios2eds/bin/gnu/h-x86_64-mingw32/bin/../lib/gcc/nios2-elf/5.3.0/../../../../../H-x86_64-mingw32/nios2-elf/lib\libc.a(lib_a-fwalk.o)
                0x0000000000025478                _fwalk
 .text._fwalk_reent
                0x000000000002553c       0xc4 c:/intelfpga_lite/18.1/nios2eds/bin/gnu/h-x86_64-mingw32/bin/../lib/gcc/nios2-elf/5.3.0/../../../../../H-x86_64-mingw32/nios2-elf/lib\libc.a(lib_a-fwalk.o)
                0x000000000002553c                _fwalk_reent
 .text          0x0000000000025600        0x0 c:/intelfpga_lite/18.1/nios2eds/bin/gnu/h-x86_64-mingw32/bin/../lib/gcc/nios2-elf/5.3.0/../../../../../H-x86_64-mingw32/nios2-elf/lib\libc.a(lib_a-impure.o)
 .text          0x0000000000025600        0x0 c:/intelfpga_lite/18.1/nios2eds/bin/gnu/h-x86_64-mingw32/bin/../lib/gcc/nios2-elf/5.3.0/../../../../../H-x86_64-mingw32/nios2-elf/lib\libc.a(lib_a-locale.o)
 .text._setlocale_r
                0x0000000000025600       0x7c c:/intelfpga_lite/18.1/nios2eds/bin/gnu/h-x86_64-mingw32/bin/../lib/gcc/nios2-elf/5.3.0/../../../../../H-x86_64-mingw32/nios2-elf/lib\libc.a(lib_a-locale.o)
                0x0000000000025600                _setlocale_r
 .text.__locale_charset
                0x000000000002567c        0xc c:/intelfpga_lite/18.1/nios2eds/bin/gnu/h-x86_64-mingw32/bin/../lib/gcc/nios2-elf/5.3.0/../../../../../H-x86_64-mingw32/nios2-elf/lib\libc.a(lib_a-locale.o)
                0x000000000002567c                __locale_charset
 .text.__locale_mb_cur_max
                0x0000000000025688       0x10 c:/intelfpga_lite/18.1/nios2eds/bin/gnu/h-x86_64-mingw32/bin/../lib/gcc/nios2-elf/5.3.0/../../../../../H-x86_64-mingw32/nios2-elf/lib\libc.a(lib_a-locale.o)
                0x0000000000025688                __locale_mb_cur_max
 .text.__locale_msgcharset
                0x0000000000025698        0xc c:/intelfpga_lite/18.1/nios2eds/bin/gnu/h-x86_64-mingw32/bin/../lib/gcc/nios2-elf/5.3.0/../../../../../H-x86_64-mingw32/nios2-elf/lib\libc.a(lib_a-locale.o)
                0x0000000000025698                __locale_msgcharset
 .text.__locale_cjk_lang
                0x00000000000256a4        0x8 c:/intelfpga_lite/18.1/nios2eds/bin/gnu/h-x86_64-mingw32/bin/../lib/gcc/nios2-elf/5.3.0/../../../../../H-x86_64-mingw32/nios2-elf/lib\libc.a(lib_a-locale.o)
                0x00000000000256a4                __locale_cjk_lang
 .text._localeconv_r
                0x00000000000256ac        0xc c:/intelfpga_lite/18.1/nios2eds/bin/gnu/h-x86_64-mingw32/bin/../lib/gcc/nios2-elf/5.3.0/../../../../../H-x86_64-mingw32/nios2-elf/lib\libc.a(lib_a-locale.o)
                0x00000000000256ac                _localeconv_r
 .text.setlocale
                0x00000000000256b8       0x18 c:/intelfpga_lite/18.1/nios2eds/bin/gnu/h-x86_64-mingw32/bin/../lib/gcc/nios2-elf/5.3.0/../../../../../H-x86_64-mingw32/nios2-elf/lib\libc.a(lib_a-locale.o)
                0x00000000000256b8                setlocale
 .text.localeconv
                0x00000000000256d0        0xc c:/intelfpga_lite/18.1/nios2eds/bin/gnu/h-x86_64-mingw32/bin/../lib/gcc/nios2-elf/5.3.0/../../../../../H-x86_64-mingw32/nios2-elf/lib\libc.a(lib_a-locale.o)
                0x00000000000256d0                localeconv
 .text          0x00000000000256dc        0x0 c:/intelfpga_lite/18.1/nios2eds/bin/gnu/h-x86_64-mingw32/bin/../lib/gcc/nios2-elf/5.3.0/../../../../../H-x86_64-mingw32/nios2-elf/lib\libc.a(lib_a-makebuf.o)
 .text.__smakebuf_r
                0x00000000000256dc      0x1bc c:/intelfpga_lite/18.1/nios2eds/bin/gnu/h-x86_64-mingw32/bin/../lib/gcc/nios2-elf/5.3.0/../../../../../H-x86_64-mingw32/nios2-elf/lib\libc.a(lib_a-makebuf.o)
                0x00000000000256dc                __smakebuf_r
 .text          0x0000000000025898        0x0 c:/intelfpga_lite/18.1/nios2eds/bin/gnu/h-x86_64-mingw32/bin/../lib/gcc/nios2-elf/5.3.0/../../../../../H-x86_64-mingw32/nios2-elf/lib\libc.a(lib_a-mallocr.o)
 .text._malloc_r
                0x0000000000025898      0x80c c:/intelfpga_lite/18.1/nios2eds/bin/gnu/h-x86_64-mingw32/bin/../lib/gcc/nios2-elf/5.3.0/../../../../../H-x86_64-mingw32/nios2-elf/lib\libc.a(lib_a-mallocr.o)
                0x0000000000025898                _malloc_r
 .text          0x00000000000260a4        0x0 c:/intelfpga_lite/18.1/nios2eds/bin/gnu/h-x86_64-mingw32/bin/../lib/gcc/nios2-elf/5.3.0/../../../../../H-x86_64-mingw32/nios2-elf/lib\libc.a(lib_a-memchr.o)
 .text.memchr   0x00000000000260a4       0xe4 c:/intelfpga_lite/18.1/nios2eds/bin/gnu/h-x86_64-mingw32/bin/../lib/gcc/nios2-elf/5.3.0/../../../../../H-x86_64-mingw32/nios2-elf/lib\libc.a(lib_a-memchr.o)
                0x00000000000260a4                memchr
 .text          0x0000000000026188        0x0 c:/intelfpga_lite/18.1/nios2eds/bin/gnu/h-x86_64-mingw32/bin/../lib/gcc/nios2-elf/5.3.0/../../../../../H-x86_64-mingw32/nios2-elf/lib\libc.a(lib_a-memcpy.o)
 .text.memcpy   0x0000000000026188      0x148 c:/intelfpga_lite/18.1/nios2eds/bin/gnu/h-x86_64-mingw32/bin/../lib/gcc/nios2-elf/5.3.0/../../../../../H-x86_64-mingw32/nios2-elf/lib\libc.a(lib_a-memcpy.o)
                0x0000000000026188                memcpy
 .text          0x00000000000262d0        0x0 c:/intelfpga_lite/18.1/nios2eds/bin/gnu/h-x86_64-mingw32/bin/../lib/gcc/nios2-elf/5.3.0/../../../../../H-x86_64-mingw32/nios2-elf/lib\libc.a(lib_a-memset.o)
 .text.memset   0x00000000000262d0      0x128 c:/intelfpga_lite/18.1/nios2eds/bin/gnu/h-x86_64-mingw32/bin/../lib/gcc/nios2-elf/5.3.0/../../../../../H-x86_64-mingw32/nios2-elf/lib\libc.a(lib_a-memset.o)
                0x00000000000262d0                memset
 .text          0x00000000000263f8        0x0 c:/intelfpga_lite/18.1/nios2eds/bin/gnu/h-x86_64-mingw32/bin/../lib/gcc/nios2-elf/5.3.0/../../../../../H-x86_64-mingw32/nios2-elf/lib\libc.a(lib_a-mprec.o)
 .text._Balloc  0x00000000000263f8       0xa8 c:/intelfpga_lite/18.1/nios2eds/bin/gnu/h-x86_64-mingw32/bin/../lib/gcc/nios2-elf/5.3.0/../../../../../H-x86_64-mingw32/nios2-elf/lib\libc.a(lib_a-mprec.o)
                0x00000000000263f8                _Balloc
 .text._Bfree   0x00000000000264a0       0x28 c:/intelfpga_lite/18.1/nios2eds/bin/gnu/h-x86_64-mingw32/bin/../lib/gcc/nios2-elf/5.3.0/../../../../../H-x86_64-mingw32/nios2-elf/lib\libc.a(lib_a-mprec.o)
                0x00000000000264a0                _Bfree
 .text.__multadd
                0x00000000000264c8      0x120 c:/intelfpga_lite/18.1/nios2eds/bin/gnu/h-x86_64-mingw32/bin/../lib/gcc/nios2-elf/5.3.0/../../../../../H-x86_64-mingw32/nios2-elf/lib\libc.a(lib_a-mprec.o)
                0x00000000000264c8                __multadd
 .text.__s2b    0x00000000000265e8      0x104 c:/intelfpga_lite/18.1/nios2eds/bin/gnu/h-x86_64-mingw32/bin/../lib/gcc/nios2-elf/5.3.0/../../../../../H-x86_64-mingw32/nios2-elf/lib\libc.a(lib_a-mprec.o)
                0x00000000000265e8                __s2b
 .text.__hi0bits
                0x00000000000266ec       0x68 c:/intelfpga_lite/18.1/nios2eds/bin/gnu/h-x86_64-mingw32/bin/../lib/gcc/nios2-elf/5.3.0/../../../../../H-x86_64-mingw32/nios2-elf/lib\libc.a(lib_a-mprec.o)
                0x00000000000266ec                __hi0bits
 .text.__lo0bits
                0x0000000000026754       0xb0 c:/intelfpga_lite/18.1/nios2eds/bin/gnu/h-x86_64-mingw32/bin/../lib/gcc/nios2-elf/5.3.0/../../../../../H-x86_64-mingw32/nios2-elf/lib\libc.a(lib_a-mprec.o)
                0x0000000000026754                __lo0bits
 .text.__i2b    0x0000000000026804       0x3c c:/intelfpga_lite/18.1/nios2eds/bin/gnu/h-x86_64-mingw32/bin/../lib/gcc/nios2-elf/5.3.0/../../../../../H-x86_64-mingw32/nios2-elf/lib\libc.a(lib_a-mprec.o)
                0x0000000000026804                __i2b
 .text.__multiply
                0x0000000000026840      0x1f8 c:/intelfpga_lite/18.1/nios2eds/bin/gnu/h-x86_64-mingw32/bin/../lib/gcc/nios2-elf/5.3.0/../../../../../H-x86_64-mingw32/nios2-elf/lib\libc.a(lib_a-mprec.o)
                0x0000000000026840                __multiply
 .text.__pow5mult
                0x0000000000026a38      0x140 c:/intelfpga_lite/18.1/nios2eds/bin/gnu/h-x86_64-mingw32/bin/../lib/gcc/nios2-elf/5.3.0/../../../../../H-x86_64-mingw32/nios2-elf/lib\libc.a(lib_a-mprec.o)
                0x0000000000026a38                __pow5mult
 .text.__lshift
                0x0000000000026b78      0x148 c:/intelfpga_lite/18.1/nios2eds/bin/gnu/h-x86_64-mingw32/bin/../lib/gcc/nios2-elf/5.3.0/../../../../../H-x86_64-mingw32/nios2-elf/lib\libc.a(lib_a-mprec.o)
                0x0000000000026b78                __lshift
 .text.__mcmp   0x0000000000026cc0       0x60 c:/intelfpga_lite/18.1/nios2eds/bin/gnu/h-x86_64-mingw32/bin/../lib/gcc/nios2-elf/5.3.0/../../../../../H-x86_64-mingw32/nios2-elf/lib\libc.a(lib_a-mprec.o)
                0x0000000000026cc0                __mcmp
 .text.__mdiff  0x0000000000026d20      0x1fc c:/intelfpga_lite/18.1/nios2eds/bin/gnu/h-x86_64-mingw32/bin/../lib/gcc/nios2-elf/5.3.0/../../../../../H-x86_64-mingw32/nios2-elf/lib\libc.a(lib_a-mprec.o)
                0x0000000000026d20                __mdiff
 .text.__ulp    0x0000000000026f1c       0x64 c:/intelfpga_lite/18.1/nios2eds/bin/gnu/h-x86_64-mingw32/bin/../lib/gcc/nios2-elf/5.3.0/../../../../../H-x86_64-mingw32/nios2-elf/lib\libc.a(lib_a-mprec.o)
                0x0000000000026f1c                __ulp
 .text.__b2d    0x0000000000026f80      0x10c c:/intelfpga_lite/18.1/nios2eds/bin/gnu/h-x86_64-mingw32/bin/../lib/gcc/nios2-elf/5.3.0/../../../../../H-x86_64-mingw32/nios2-elf/lib\libc.a(lib_a-mprec.o)
                0x0000000000026f80                __b2d
 .text.__d2b    0x000000000002708c      0x14c c:/intelfpga_lite/18.1/nios2eds/bin/gnu/h-x86_64-mingw32/bin/../lib/gcc/nios2-elf/5.3.0/../../../../../H-x86_64-mingw32/nios2-elf/lib\libc.a(lib_a-mprec.o)
                0x000000000002708c                __d2b
 .text.__ratio  0x00000000000271d8       0xa4 c:/intelfpga_lite/18.1/nios2eds/bin/gnu/h-x86_64-mingw32/bin/../lib/gcc/nios2-elf/5.3.0/../../../../../H-x86_64-mingw32/nios2-elf/lib\libc.a(lib_a-mprec.o)
                0x00000000000271d8                __ratio
 .text._mprec_log10
                0x000000000002727c       0x74 c:/intelfpga_lite/18.1/nios2eds/bin/gnu/h-x86_64-mingw32/bin/../lib/gcc/nios2-elf/5.3.0/../../../../../H-x86_64-mingw32/nios2-elf/lib\libc.a(lib_a-mprec.o)
                0x000000000002727c                _mprec_log10
 .text.__copybits
                0x00000000000272f0       0x78 c:/intelfpga_lite/18.1/nios2eds/bin/gnu/h-x86_64-mingw32/bin/../lib/gcc/nios2-elf/5.3.0/../../../../../H-x86_64-mingw32/nios2-elf/lib\libc.a(lib_a-mprec.o)
                0x00000000000272f0                __copybits
 .text.__any_on
                0x0000000000027368       0x8c c:/intelfpga_lite/18.1/nios2eds/bin/gnu/h-x86_64-mingw32/bin/../lib/gcc/nios2-elf/5.3.0/../../../../../H-x86_64-mingw32/nios2-elf/lib\libc.a(lib_a-mprec.o)
                0x0000000000027368                __any_on
 .text          0x00000000000273f4        0x0 c:/intelfpga_lite/18.1/nios2eds/bin/gnu/h-x86_64-mingw32/bin/../lib/gcc/nios2-elf/5.3.0/../../../../../H-x86_64-mingw32/nios2-elf/lib\libc.a(lib_a-s_fpclassify.o)
 .text.__fpclassifyd
                0x00000000000273f4       0x74 c:/intelfpga_lite/18.1/nios2eds/bin/gnu/h-x86_64-mingw32/bin/../lib/gcc/nios2-elf/5.3.0/../../../../../H-x86_64-mingw32/nios2-elf/lib\libc.a(lib_a-s_fpclassify.o)
                0x00000000000273f4                __fpclassifyd
 .text          0x0000000000027468        0x0 c:/intelfpga_lite/18.1/nios2eds/bin/gnu/h-x86_64-mingw32/bin/../lib/gcc/nios2-elf/5.3.0/../../../../../H-x86_64-mingw32/nios2-elf/lib\libc.a(lib_a-sbrkr.o)
 .text._sbrk_r  0x0000000000027468       0x54 c:/intelfpga_lite/18.1/nios2eds/bin/gnu/h-x86_64-mingw32/bin/../lib/gcc/nios2-elf/5.3.0/../../../../../H-x86_64-mingw32/nios2-elf/lib\libc.a(lib_a-sbrkr.o)
                0x0000000000027468                _sbrk_r
 .text          0x00000000000274bc        0x0 c:/intelfpga_lite/18.1/nios2eds/bin/gnu/h-x86_64-mingw32/bin/../lib/gcc/nios2-elf/5.3.0/../../../../../H-x86_64-mingw32/nios2-elf/lib\libc.a(lib_a-stdio.o)
 .text.__sread  0x00000000000274bc       0x54 c:/intelfpga_lite/18.1/nios2eds/bin/gnu/h-x86_64-mingw32/bin/../lib/gcc/nios2-elf/5.3.0/../../../../../H-x86_64-mingw32/nios2-elf/lib\libc.a(lib_a-stdio.o)
                0x00000000000274bc                __sread
 .text.__seofread
                0x0000000000027510        0x8 c:/intelfpga_lite/18.1/nios2eds/bin/gnu/h-x86_64-mingw32/bin/../lib/gcc/nios2-elf/5.3.0/../../../../../H-x86_64-mingw32/nios2-elf/lib\libc.a(lib_a-stdio.o)
                0x0000000000027510                __seofread
 .text.__swrite
                0x0000000000027518       0x7c c:/intelfpga_lite/18.1/nios2eds/bin/gnu/h-x86_64-mingw32/bin/../lib/gcc/nios2-elf/5.3.0/../../../../../H-x86_64-mingw32/nios2-elf/lib\libc.a(lib_a-stdio.o)
                0x0000000000027518                __swrite
 .text.__sseek  0x0000000000027594       0x5c c:/intelfpga_lite/18.1/nios2eds/bin/gnu/h-x86_64-mingw32/bin/../lib/gcc/nios2-elf/5.3.0/../../../../../H-x86_64-mingw32/nios2-elf/lib\libc.a(lib_a-stdio.o)
                0x0000000000027594                __sseek
 .text.__sclose
                0x00000000000275f0        0x8 c:/intelfpga_lite/18.1/nios2eds/bin/gnu/h-x86_64-mingw32/bin/../lib/gcc/nios2-elf/5.3.0/../../../../../H-x86_64-mingw32/nios2-elf/lib\libc.a(lib_a-stdio.o)
                0x00000000000275f0                __sclose
 .text          0x00000000000275f8        0x0 c:/intelfpga_lite/18.1/nios2eds/bin/gnu/h-x86_64-mingw32/bin/../lib/gcc/nios2-elf/5.3.0/../../../../../H-x86_64-mingw32/nios2-elf/lib\libc.a(lib_a-strcmp.o)
 .text.strcmp   0x00000000000275f8       0xdc c:/intelfpga_lite/18.1/nios2eds/bin/gnu/h-x86_64-mingw32/bin/../lib/gcc/nios2-elf/5.3.0/../../../../../H-x86_64-mingw32/nios2-elf/lib\libc.a(lib_a-strcmp.o)
                0x00000000000275f8                strcmp
 .text          0x00000000000276d4        0x0 c:/intelfpga_lite/18.1/nios2eds/bin/gnu/h-x86_64-mingw32/bin/../lib/gcc/nios2-elf/5.3.0/../../../../../H-x86_64-mingw32/nios2-elf/lib\libc.a(lib_a-strlen.o)
 .text.strlen   0x00000000000276d4       0x98 c:/intelfpga_lite/18.1/nios2eds/bin/gnu/h-x86_64-mingw32/bin/../lib/gcc/nios2-elf/5.3.0/../../../../../H-x86_64-mingw32/nios2-elf/lib\libc.a(lib_a-strlen.o)
                0x00000000000276d4                strlen
 .text          0x000000000002776c        0x0 c:/intelfpga_lite/18.1/nios2eds/bin/gnu/h-x86_64-mingw32/bin/../lib/gcc/nios2-elf/5.3.0/../../../../../H-x86_64-mingw32/nios2-elf/lib\libc.a(lib_a-vfiprintf.o)
 .text.__sprint_r.part.0
                0x000000000002776c       0xfc c:/intelfpga_lite/18.1/nios2eds/bin/gnu/h-x86_64-mingw32/bin/../lib/gcc/nios2-elf/5.3.0/../../../../../H-x86_64-mingw32/nios2-elf/lib\libc.a(lib_a-vfiprintf.o)
 .text.__sprint_r
                0x0000000000027868       0x18 c:/intelfpga_lite/18.1/nios2eds/bin/gnu/h-x86_64-mingw32/bin/../lib/gcc/nios2-elf/5.3.0/../../../../../H-x86_64-mingw32/nios2-elf/lib\libc.a(lib_a-vfiprintf.o)
                0x0000000000027868                __sprint_r
 .text.___vfiprintf_internal_r
                0x0000000000027880     0x145c c:/intelfpga_lite/18.1/nios2eds/bin/gnu/h-x86_64-mingw32/bin/../lib/gcc/nios2-elf/5.3.0/../../../../../H-x86_64-mingw32/nios2-elf/lib\libc.a(lib_a-vfiprintf.o)
                0x0000000000027880                ___vfiprintf_internal_r
 .text.__vfiprintf_internal
                0x0000000000028cdc       0x1c c:/intelfpga_lite/18.1/nios2eds/bin/gnu/h-x86_64-mingw32/bin/../lib/gcc/nios2-elf/5.3.0/../../../../../H-x86_64-mingw32/nios2-elf/lib\libc.a(lib_a-vfiprintf.o)
                0x0000000000028cdc                __vfiprintf_internal
 .text.__sbprintf
                0x0000000000028cf8       0xbc c:/intelfpga_lite/18.1/nios2eds/bin/gnu/h-x86_64-mingw32/bin/../lib/gcc/nios2-elf/5.3.0/../../../../../H-x86_64-mingw32/nios2-elf/lib\libc.a(lib_a-vfiprintf.o)
 .text          0x0000000000028db4        0x0 c:/intelfpga_lite/18.1/nios2eds/bin/gnu/h-x86_64-mingw32/bin/../lib/gcc/nios2-elf/5.3.0/../../../../../H-x86_64-mingw32/nios2-elf/lib\libc.a(lib_a-writer.o)
 .text._write_r
                0x0000000000028db4       0x60 c:/intelfpga_lite/18.1/nios2eds/bin/gnu/h-x86_64-mingw32/bin/../lib/gcc/nios2-elf/5.3.0/../../../../../H-x86_64-mingw32/nios2-elf/lib\libc.a(lib_a-writer.o)
                0x0000000000028db4                _write_r
 .text          0x0000000000028e14        0x0 c:/intelfpga_lite/18.1/nios2eds/bin/gnu/h-x86_64-mingw32/bin/../lib/gcc/nios2-elf/5.3.0/../../../../../H-x86_64-mingw32/nios2-elf/lib\libc.a(closer.o)
 .text._close_r
                0x0000000000028e14       0x54 c:/intelfpga_lite/18.1/nios2eds/bin/gnu/h-x86_64-mingw32/bin/../lib/gcc/nios2-elf/5.3.0/../../../../../H-x86_64-mingw32/nios2-elf/lib\libc.a(closer.o)
                0x0000000000028e14                _close_r
 .text          0x0000000000028e68        0x0 c:/intelfpga_lite/18.1/nios2eds/bin/gnu/h-x86_64-mingw32/bin/../lib/gcc/nios2-elf/5.3.0/../../../../../H-x86_64-mingw32/nios2-elf/lib\libc.a(lib_a-callocr.o)
 .text._calloc_r
                0x0000000000028e68       0xc4 c:/intelfpga_lite/18.1/nios2eds/bin/gnu/h-x86_64-mingw32/bin/../lib/gcc/nios2-elf/5.3.0/../../../../../H-x86_64-mingw32/nios2-elf/lib\libc.a(lib_a-callocr.o)
                0x0000000000028e68                _calloc_r
 .text          0x0000000000028f2c        0x0 c:/intelfpga_lite/18.1/nios2eds/bin/gnu/h-x86_64-mingw32/bin/../lib/gcc/nios2-elf/5.3.0/../../../../../H-x86_64-mingw32/nios2-elf/lib\libc.a(lib_a-fclose.o)
 .text._fclose_r
                0x0000000000028f2c       0xf0 c:/intelfpga_lite/18.1/nios2eds/bin/gnu/h-x86_64-mingw32/bin/../lib/gcc/nios2-elf/5.3.0/../../../../../H-x86_64-mingw32/nios2-elf/lib\libc.a(lib_a-fclose.o)
                0x0000000000028f2c                _fclose_r
 .text.fclose   0x000000000002901c       0x14 c:/intelfpga_lite/18.1/nios2eds/bin/gnu/h-x86_64-mingw32/bin/../lib/gcc/nios2-elf/5.3.0/../../../../../H-x86_64-mingw32/nios2-elf/lib\libc.a(lib_a-fclose.o)
                0x000000000002901c                fclose
 .text          0x0000000000029030        0x0 c:/intelfpga_lite/18.1/nios2eds/bin/gnu/h-x86_64-mingw32/bin/../lib/gcc/nios2-elf/5.3.0/../../../../../H-x86_64-mingw32/nios2-elf/lib\libc.a(lib_a-fputwc.o)
 .text.__fputwc
                0x0000000000029030      0x164 c:/intelfpga_lite/18.1/nios2eds/bin/gnu/h-x86_64-mingw32/bin/../lib/gcc/nios2-elf/5.3.0/../../../../../H-x86_64-mingw32/nios2-elf/lib\libc.a(lib_a-fputwc.o)
                0x0000000000029030                __fputwc
 .text._fputwc_r
                0x0000000000029194       0x24 c:/intelfpga_lite/18.1/nios2eds/bin/gnu/h-x86_64-mingw32/bin/../lib/gcc/nios2-elf/5.3.0/../../../../../H-x86_64-mingw32/nios2-elf/lib\libc.a(lib_a-fputwc.o)
                0x0000000000029194                _fputwc_r
 .text.fputwc   0x00000000000291b8       0x80 c:/intelfpga_lite/18.1/nios2eds/bin/gnu/h-x86_64-mingw32/bin/../lib/gcc/nios2-elf/5.3.0/../../../../../H-x86_64-mingw32/nios2-elf/lib\libc.a(lib_a-fputwc.o)
                0x00000000000291b8                fputwc
 .text          0x0000000000029238        0x0 c:/intelfpga_lite/18.1/nios2eds/bin/gnu/h-x86_64-mingw32/bin/../lib/gcc/nios2-elf/5.3.0/../../../../../H-x86_64-mingw32/nios2-elf/lib\libc.a(lib_a-fstatr.o)
 .text._fstat_r
                0x0000000000029238       0x5c c:/intelfpga_lite/18.1/nios2eds/bin/gnu/h-x86_64-mingw32/bin/../lib/gcc/nios2-elf/5.3.0/../../../../../H-x86_64-mingw32/nios2-elf/lib\libc.a(lib_a-fstatr.o)
                0x0000000000029238                _fstat_r
 .text          0x0000000000029294        0x0 c:/intelfpga_lite/18.1/nios2eds/bin/gnu/h-x86_64-mingw32/bin/../lib/gcc/nios2-elf/5.3.0/../../../../../H-x86_64-mingw32/nios2-elf/lib\libc.a(lib_a-fvwrite.o)
 .text.__sfvwrite_r
                0x0000000000029294      0x4bc c:/intelfpga_lite/18.1/nios2eds/bin/gnu/h-x86_64-mingw32/bin/../lib/gcc/nios2-elf/5.3.0/../../../../../H-x86_64-mingw32/nios2-elf/lib\libc.a(lib_a-fvwrite.o)
                0x0000000000029294                __sfvwrite_r
 .text          0x0000000000029750        0x0 c:/intelfpga_lite/18.1/nios2eds/bin/gnu/h-x86_64-mingw32/bin/../lib/gcc/nios2-elf/5.3.0/../../../../../H-x86_64-mingw32/nios2-elf/lib\libc.a(lib_a-int_errno.o)
 .text          0x0000000000029750        0x0 c:/intelfpga_lite/18.1/nios2eds/bin/gnu/h-x86_64-mingw32/bin/../lib/gcc/nios2-elf/5.3.0/../../../../../H-x86_64-mingw32/nios2-elf/lib\libc.a(lib_a-isattyr.o)
 .text._isatty_r
                0x0000000000029750       0x54 c:/intelfpga_lite/18.1/nios2eds/bin/gnu/h-x86_64-mingw32/bin/../lib/gcc/nios2-elf/5.3.0/../../../../../H-x86_64-mingw32/nios2-elf/lib\libc.a(lib_a-isattyr.o)
                0x0000000000029750                _isatty_r
 .text          0x00000000000297a4        0x0 c:/intelfpga_lite/18.1/nios2eds/bin/gnu/h-x86_64-mingw32/bin/../lib/gcc/nios2-elf/5.3.0/../../../../../H-x86_64-mingw32/nios2-elf/lib\libc.a(lib_a-lseekr.o)
 .text._lseek_r
                0x00000000000297a4       0x60 c:/intelfpga_lite/18.1/nios2eds/bin/gnu/h-x86_64-mingw32/bin/../lib/gcc/nios2-elf/5.3.0/../../../../../H-x86_64-mingw32/nios2-elf/lib\libc.a(lib_a-lseekr.o)
                0x00000000000297a4                _lseek_r
 .text          0x0000000000029804        0x0 c:/intelfpga_lite/18.1/nios2eds/bin/gnu/h-x86_64-mingw32/bin/../lib/gcc/nios2-elf/5.3.0/../../../../../H-x86_64-mingw32/nios2-elf/lib\libc.a(lib_a-memmove.o)
 .text.memmove  0x0000000000029804      0x15c c:/intelfpga_lite/18.1/nios2eds/bin/gnu/h-x86_64-mingw32/bin/../lib/gcc/nios2-elf/5.3.0/../../../../../H-x86_64-mingw32/nios2-elf/lib\libc.a(lib_a-memmove.o)
                0x0000000000029804                memmove
 .text          0x0000000000029960        0x0 c:/intelfpga_lite/18.1/nios2eds/bin/gnu/h-x86_64-mingw32/bin/../lib/gcc/nios2-elf/5.3.0/../../../../../H-x86_64-mingw32/nios2-elf/lib\libc.a(lib_a-readr.o)
 .text._read_r  0x0000000000029960       0x60 c:/intelfpga_lite/18.1/nios2eds/bin/gnu/h-x86_64-mingw32/bin/../lib/gcc/nios2-elf/5.3.0/../../../../../H-x86_64-mingw32/nios2-elf/lib\libc.a(lib_a-readr.o)
                0x0000000000029960                _read_r
 .text          0x00000000000299c0        0x0 c:/intelfpga_lite/18.1/nios2eds/bin/gnu/h-x86_64-mingw32/bin/../lib/gcc/nios2-elf/5.3.0/../../../../../H-x86_64-mingw32/nios2-elf/lib\libc.a(lib_a-reallocr.o)
 .text._realloc_r
                0x00000000000299c0      0x564 c:/intelfpga_lite/18.1/nios2eds/bin/gnu/h-x86_64-mingw32/bin/../lib/gcc/nios2-elf/5.3.0/../../../../../H-x86_64-mingw32/nios2-elf/lib\libc.a(lib_a-reallocr.o)
                0x00000000000299c0                _realloc_r
 .text          0x0000000000029f24        0x0 c:/intelfpga_lite/18.1/nios2eds/bin/gnu/h-x86_64-mingw32/bin/../lib/gcc/nios2-elf/5.3.0/../../../../../H-x86_64-mingw32/nios2-elf/lib\libc.a(lib_a-wbuf.o)
 .text.__swbuf_r
                0x0000000000029f24      0x140 c:/intelfpga_lite/18.1/nios2eds/bin/gnu/h-x86_64-mingw32/bin/../lib/gcc/nios2-elf/5.3.0/../../../../../H-x86_64-mingw32/nios2-elf/lib\libc.a(lib_a-wbuf.o)
                0x0000000000029f24                __swbuf_r
 .text.__swbuf  0x000000000002a064       0x18 c:/intelfpga_lite/18.1/nios2eds/bin/gnu/h-x86_64-mingw32/bin/../lib/gcc/nios2-elf/5.3.0/../../../../../H-x86_64-mingw32/nios2-elf/lib\libc.a(lib_a-wbuf.o)
                0x000000000002a064                __swbuf
 .text          0x000000000002a07c        0x0 c:/intelfpga_lite/18.1/nios2eds/bin/gnu/h-x86_64-mingw32/bin/../lib/gcc/nios2-elf/5.3.0/../../../../../H-x86_64-mingw32/nios2-elf/lib\libc.a(lib_a-wcrtomb.o)
 .text._wcrtomb_r
                0x000000000002a07c       0x9c c:/intelfpga_lite/18.1/nios2eds/bin/gnu/h-x86_64-mingw32/bin/../lib/gcc/nios2-elf/5.3.0/../../../../../H-x86_64-mingw32/nios2-elf/lib\libc.a(lib_a-wcrtomb.o)
                0x000000000002a07c                _wcrtomb_r
 .text.wcrtomb  0x000000000002a118       0xc0 c:/intelfpga_lite/18.1/nios2eds/bin/gnu/h-x86_64-mingw32/bin/../lib/gcc/nios2-elf/5.3.0/../../../../../H-x86_64-mingw32/nios2-elf/lib\libc.a(lib_a-wcrtomb.o)
                0x000000000002a118                wcrtomb
 .text          0x000000000002a1d8        0x0 c:/intelfpga_lite/18.1/nios2eds/bin/gnu/h-x86_64-mingw32/bin/../lib/gcc/nios2-elf/5.3.0/../../../../../H-x86_64-mingw32/nios2-elf/lib\libc.a(lib_a-wctomb_r.o)
 .text.__ascii_wctomb
                0x000000000002a1d8       0x30 c:/intelfpga_lite/18.1/nios2eds/bin/gnu/h-x86_64-mingw32/bin/../lib/gcc/nios2-elf/5.3.0/../../../../../H-x86_64-mingw32/nios2-elf/lib\libc.a(lib_a-wctomb_r.o)
                0x000000000002a1d8                __ascii_wctomb
 .text._wctomb_r
                0x000000000002a208       0x5c c:/intelfpga_lite/18.1/nios2eds/bin/gnu/h-x86_64-mingw32/bin/../lib/gcc/nios2-elf/5.3.0/../../../../../H-x86_64-mingw32/nios2-elf/lib\libc.a(lib_a-wctomb_r.o)
                0x000000000002a208                _wctomb_r
 .text          0x000000000002a264      0x578 c:/intelfpga_lite/18.1/nios2eds/bin/gnu/h-x86_64-mingw32/bin/../lib/gcc/nios2-elf/5.3.0\libgcc.a(_udivdi3.o)
                0x000000000002a264                __udivdi3
 .text          0x000000000002a7dc      0x538 c:/intelfpga_lite/18.1/nios2eds/bin/gnu/h-x86_64-mingw32/bin/../lib/gcc/nios2-elf/5.3.0\libgcc.a(_umoddi3.o)
                0x000000000002a7dc                __umoddi3
 .text          0x000000000002ad14      0x8ac c:/intelfpga_lite/18.1/nios2eds/bin/gnu/h-x86_64-mingw32/bin/../lib/gcc/nios2-elf/5.3.0\libgcc.a(adddf3.o)
                0x000000000002ad14                __adddf3
 .text          0x000000000002b5c0      0x8e8 c:/intelfpga_lite/18.1/nios2eds/bin/gnu/h-x86_64-mingw32/bin/../lib/gcc/nios2-elf/5.3.0\libgcc.a(divdf3.o)
                0x000000000002b5c0                __divdf3
 .text          0x000000000002bea8       0x88 c:/intelfpga_lite/18.1/nios2eds/bin/gnu/h-x86_64-mingw32/bin/../lib/gcc/nios2-elf/5.3.0\libgcc.a(eqdf2.o)
                0x000000000002bea8                __nedf2
                0x000000000002bea8                __eqdf2
 .text          0x000000000002bf30       0xdc c:/intelfpga_lite/18.1/nios2eds/bin/gnu/h-x86_64-mingw32/bin/../lib/gcc/nios2-elf/5.3.0\libgcc.a(gedf2.o)
                0x000000000002bf30                __gedf2
                0x000000000002bf30                __gtdf2
 .text          0x000000000002c00c       0xf4 c:/intelfpga_lite/18.1/nios2eds/bin/gnu/h-x86_64-mingw32/bin/../lib/gcc/nios2-elf/5.3.0\libgcc.a(ledf2.o)
                0x000000000002c00c                __ledf2
                0x000000000002c00c                __ltdf2
 .text          0x000000000002c100      0x718 c:/intelfpga_lite/18.1/nios2eds/bin/gnu/h-x86_64-mingw32/bin/../lib/gcc/nios2-elf/5.3.0\libgcc.a(muldf3.o)
                0x000000000002c100                __muldf3
 .text          0x000000000002c818      0x8fc c:/intelfpga_lite/18.1/nios2eds/bin/gnu/h-x86_64-mingw32/bin/../lib/gcc/nios2-elf/5.3.0\libgcc.a(subdf3.o)
                0x000000000002c818                __subdf3
 .text          0x000000000002d114       0x80 c:/intelfpga_lite/18.1/nios2eds/bin/gnu/h-x86_64-mingw32/bin/../lib/gcc/nios2-elf/5.3.0\libgcc.a(fixdfsi.o)
                0x000000000002d114                __fixdfsi
 .text          0x000000000002d194       0xdc c:/intelfpga_lite/18.1/nios2eds/bin/gnu/h-x86_64-mingw32/bin/../lib/gcc/nios2-elf/5.3.0\libgcc.a(floatsidf.o)
                0x000000000002d194                __floatsidf
 .text          0x000000000002d270       0xa8 c:/intelfpga_lite/18.1/nios2eds/bin/gnu/h-x86_64-mingw32/bin/../lib/gcc/nios2-elf/5.3.0\libgcc.a(floatunsidf.o)
                0x000000000002d270                __floatunsidf
 .text          0x000000000002d318        0x0 c:/intelfpga_lite/18.1/nios2eds/bin/gnu/h-x86_64-mingw32/bin/../lib/gcc/nios2-elf/5.3.0\libgcc.a(_clz.o)
 .text          0x000000000002d318       0x64 c:/intelfpga_lite/18.1/nios2eds/bin/gnu/h-x86_64-mingw32/bin/../lib/gcc/nios2-elf/5.3.0\libgcc.a(_clzsi2.o)
                0x000000000002d318                __clzsi2
 .text          0x000000000002d37c      0x10c C:/RTES/variants/onchip_instrCacheDisabled_dataCacheDisabled/sw/nios/onchip_instrCacheDisabled_dataCacheDisabled_bsp/\libhal_bsp.a(alt_close.o)
                0x000000000002d3b8                close
 .text          0x000000000002d488       0x2c C:/RTES/variants/onchip_instrCacheDisabled_dataCacheDisabled/sw/nios/onchip_instrCacheDisabled_dataCacheDisabled_bsp/\libhal_bsp.a(alt_dev.o)
 .text          0x000000000002d4b4        0x0 C:/RTES/variants/onchip_instrCacheDisabled_dataCacheDisabled/sw/nios/onchip_instrCacheDisabled_dataCacheDisabled_bsp/\libhal_bsp.a(alt_errno.o)
 .text          0x000000000002d4b4       0xec C:/RTES/variants/onchip_instrCacheDisabled_dataCacheDisabled/sw/nios/onchip_instrCacheDisabled_dataCacheDisabled_bsp/\libhal_bsp.a(alt_fstat.o)
                0x000000000002d4f0                fstat
 .text          0x000000000002d5a0      0x1b0 C:/RTES/variants/onchip_instrCacheDisabled_dataCacheDisabled/sw/nios/onchip_instrCacheDisabled_dataCacheDisabled_bsp/\libhal_bsp.a(alt_iic.o)
                0x000000000002d5a0                alt_ic_isr_register
                0x000000000002d5f0                alt_ic_irq_enable
                0x000000000002d678                alt_ic_irq_disable
                0x000000000002d704                alt_ic_irq_enabled
 .text          0x000000000002d750       0xf0 C:/RTES/variants/onchip_instrCacheDisabled_dataCacheDisabled/sw/nios/onchip_instrCacheDisabled_dataCacheDisabled_bsp/\libhal_bsp.a(alt_iic_isr_register.o)
                0x000000000002d750                alt_iic_isr_register
 .text          0x000000000002d840        0x0 C:/RTES/variants/onchip_instrCacheDisabled_dataCacheDisabled/sw/nios/onchip_instrCacheDisabled_dataCacheDisabled_bsp/\libhal_bsp.a(alt_irq_entry.o)
 .text          0x000000000002d840        0x0 C:/RTES/variants/onchip_instrCacheDisabled_dataCacheDisabled/sw/nios/onchip_instrCacheDisabled_dataCacheDisabled_bsp/\libhal_bsp.a(alt_irq_handler.o)
 .text          0x000000000002d840        0x0 C:/RTES/variants/onchip_instrCacheDisabled_dataCacheDisabled/sw/nios/onchip_instrCacheDisabled_dataCacheDisabled_bsp/\libhal_bsp.a(alt_irq_vars.o)
 .text          0x000000000002d840       0xe0 C:/RTES/variants/onchip_instrCacheDisabled_dataCacheDisabled/sw/nios/onchip_instrCacheDisabled_dataCacheDisabled_bsp/\libhal_bsp.a(alt_isatty.o)
                0x000000000002d87c                isatty
 .text          0x000000000002d920       0xec C:/RTES/variants/onchip_instrCacheDisabled_dataCacheDisabled/sw/nios/onchip_instrCacheDisabled_dataCacheDisabled_bsp/\libhal_bsp.a(alt_load.o)
                0x000000000002d988                alt_load
 .text          0x000000000002da0c      0x110 C:/RTES/variants/onchip_instrCacheDisabled_dataCacheDisabled/sw/nios/onchip_instrCacheDisabled_dataCacheDisabled_bsp/\libhal_bsp.a(alt_lseek.o)
                0x000000000002da48                lseek
 .text          0x000000000002db1c       0x7c C:/RTES/variants/onchip_instrCacheDisabled_dataCacheDisabled/sw/nios/onchip_instrCacheDisabled_dataCacheDisabled_bsp/\libhal_bsp.a(alt_main.o)
                0x000000000002db1c                alt_main
 .text          0x000000000002db98       0x48 C:/RTES/variants/onchip_instrCacheDisabled_dataCacheDisabled/sw/nios/onchip_instrCacheDisabled_dataCacheDisabled_bsp/\libhal_bsp.a(alt_malloc_lock.o)
                0x000000000002db98                __malloc_lock
                0x000000000002dbbc                __malloc_unlock
 .text          0x000000000002dbe0      0x22c C:/RTES/variants/onchip_instrCacheDisabled_dataCacheDisabled/sw/nios/onchip_instrCacheDisabled_dataCacheDisabled_bsp/\libhal_bsp.a(alt_printf.o)
                0x000000000002dbe0                alt_printf
 .text          0x000000000002de0c       0x3c C:/RTES/variants/onchip_instrCacheDisabled_dataCacheDisabled/sw/nios/onchip_instrCacheDisabled_dataCacheDisabled_bsp/\libhal_bsp.a(alt_putchar.o)
                0x000000000002de0c                alt_putchar
 .text          0x000000000002de48      0x138 C:/RTES/variants/onchip_instrCacheDisabled_dataCacheDisabled/sw/nios/onchip_instrCacheDisabled_dataCacheDisabled_bsp/\libhal_bsp.a(alt_read.o)
                0x000000000002de84                read
 .text          0x000000000002df80       0x64 C:/RTES/variants/onchip_instrCacheDisabled_dataCacheDisabled/sw/nios/onchip_instrCacheDisabled_dataCacheDisabled_bsp/\libhal_bsp.a(alt_release_fd.o)
                0x000000000002df80                alt_release_fd
 .text          0x000000000002dfe4       0xb0 C:/RTES/variants/onchip_instrCacheDisabled_dataCacheDisabled/sw/nios/onchip_instrCacheDisabled_dataCacheDisabled_bsp/\libhal_bsp.a(alt_sbrk.o)
                0x000000000002dfe4                sbrk
 .text          0x000000000002e094      0x134 C:/RTES/variants/onchip_instrCacheDisabled_dataCacheDisabled/sw/nios/onchip_instrCacheDisabled_dataCacheDisabled_bsp/\libhal_bsp.a(alt_write.o)
                0x000000000002e0d0                write
 .text          0x000000000002e1c8       0xcc C:/RTES/variants/onchip_instrCacheDisabled_dataCacheDisabled/sw/nios/onchip_instrCacheDisabled_dataCacheDisabled_bsp/\libhal_bsp.a(alt_sys_init.o)
                0x000000000002e1fc                alt_irq_init
                0x000000000002e234                alt_sys_init
 .text          0x000000000002e294      0x164 C:/RTES/variants/onchip_instrCacheDisabled_dataCacheDisabled/sw/nios/onchip_instrCacheDisabled_dataCacheDisabled_bsp/\libhal_bsp.a(altera_avalon_jtag_uart_fd.o)
                0x000000000002e294                altera_avalon_jtag_uart_read_fd
                0x000000000002e2f4                altera_avalon_jtag_uart_write_fd
                0x000000000002e354                altera_avalon_jtag_uart_close_fd
                0x000000000002e3a4                altera_avalon_jtag_uart_ioctl_fd
 .text          0x000000000002e3f8      0x3d4 C:/RTES/variants/onchip_instrCacheDisabled_dataCacheDisabled/sw/nios/onchip_instrCacheDisabled_dataCacheDisabled_bsp/\libhal_bsp.a(altera_avalon_jtag_uart_init.o)
                0x000000000002e3f8                altera_avalon_jtag_uart_init
                0x000000000002e764                altera_avalon_jtag_uart_close
 .text          0x000000000002e7cc       0xf0 C:/RTES/variants/onchip_instrCacheDisabled_dataCacheDisabled/sw/nios/onchip_instrCacheDisabled_dataCacheDisabled_bsp/\libhal_bsp.a(altera_avalon_jtag_uart_ioctl.o)
                0x000000000002e7cc                altera_avalon_jtag_uart_ioctl
 .text          0x000000000002e8bc      0x21c C:/RTES/variants/onchip_instrCacheDisabled_dataCacheDisabled/sw/nios/onchip_instrCacheDisabled_dataCacheDisabled_bsp/\libhal_bsp.a(altera_avalon_jtag_uart_read.o)
                0x000000000002e8bc                altera_avalon_jtag_uart_read
 .text          0x000000000002ead8      0x224 C:/RTES/variants/onchip_instrCacheDisabled_dataCacheDisabled/sw/nios/onchip_instrCacheDisabled_dataCacheDisabled_bsp/\libhal_bsp.a(altera_avalon_jtag_uart_write.o)
                0x000000000002ead8                altera_avalon_jtag_uart_write
 .text          0x000000000002ecfc       0xf4 C:/RTES/variants/onchip_instrCacheDisabled_dataCacheDisabled/sw/nios/onchip_instrCacheDisabled_dataCacheDisabled_bsp/\libhal_bsp.a(altera_avalon_timer_sc.o)
                0x000000000002ed74                alt_avalon_timer_sc_init
 .text          0x000000000002edf0      0x12c C:/RTES/variants/onchip_instrCacheDisabled_dataCacheDisabled/sw/nios/onchip_instrCacheDisabled_dataCacheDisabled_bsp/\libhal_bsp.a(alt_alarm_start.o)
                0x000000000002edf0                alt_alarm_start
 .text          0x000000000002ef1c       0x20 C:/RTES/variants/onchip_instrCacheDisabled_dataCacheDisabled/sw/nios/onchip_instrCacheDisabled_dataCacheDisabled_bsp/\libhal_bsp.a(alt_dcache_flush_all.o)
                0x000000000002ef1c                alt_dcache_flush_all
 .text          0x000000000002ef3c       0xe0 C:/RTES/variants/onchip_instrCacheDisabled_dataCacheDisabled/sw/nios/onchip_instrCacheDisabled_dataCacheDisabled_bsp/\libhal_bsp.a(alt_dev_llist_insert.o)
                0x000000000002ef78                alt_dev_llist_insert
 .text          0x000000000002f01c       0x60 C:/RTES/variants/onchip_instrCacheDisabled_dataCacheDisabled/sw/nios/onchip_instrCacheDisabled_dataCacheDisabled_bsp/\libhal_bsp.a(alt_do_ctors.o)
                0x000000000002f01c                _do_ctors
 .text          0x000000000002f07c       0x60 C:/RTES/variants/onchip_instrCacheDisabled_dataCacheDisabled/sw/nios/onchip_instrCacheDisabled_dataCacheDisabled_bsp/\libhal_bsp.a(alt_do_dtors.o)
                0x000000000002f07c                _do_dtors
 .text          0x000000000002f0dc        0x0 C:/RTES/variants/onchip_instrCacheDisabled_dataCacheDisabled/sw/nios/onchip_instrCacheDisabled_dataCacheDisabled_bsp/\libhal_bsp.a(alt_exception_entry.o)
 .text          0x000000000002f0dc       0x20 C:/RTES/variants/onchip_instrCacheDisabled_dataCacheDisabled/sw/nios/onchip_instrCacheDisabled_dataCacheDisabled_bsp/\libhal_bsp.a(alt_icache_flush_all.o)
                0x000000000002f0dc                alt_icache_flush_all
 .text          0x000000000002f0fc       0x9c C:/RTES/variants/onchip_instrCacheDisabled_dataCacheDisabled/sw/nios/onchip_instrCacheDisabled_dataCacheDisabled_bsp/\libhal_bsp.a(alt_instruction_exception_entry.o)
                0x000000000002f0fc                alt_exception_cause_generated_bad_addr
 .text          0x000000000002f198      0x140 C:/RTES/variants/onchip_instrCacheDisabled_dataCacheDisabled/sw/nios/onchip_instrCacheDisabled_dataCacheDisabled_bsp/\libhal_bsp.a(alt_io_redirect.o)
                0x000000000002f25c                alt_io_redirect
 .text          0x000000000002f2d8      0x254 C:/RTES/variants/onchip_instrCacheDisabled_dataCacheDisabled/sw/nios/onchip_instrCacheDisabled_dataCacheDisabled_bsp/\libhal_bsp.a(alt_open.o)
                0x000000000002f3d8                open
 .text          0x000000000002f52c      0x1a4 C:/RTES/variants/onchip_instrCacheDisabled_dataCacheDisabled/sw/nios/onchip_instrCacheDisabled_dataCacheDisabled_bsp/\libhal_bsp.a(alt_tick.o)
                0x000000000002f52c                alt_alarm_stop
                0x000000000002f5c8                alt_tick
 .text          0x000000000002f6d0       0x24 C:/RTES/variants/onchip_instrCacheDisabled_dataCacheDisabled/sw/nios/onchip_instrCacheDisabled_dataCacheDisabled_bsp/\libhal_bsp.a(altera_nios2_gen2_irq.o)
                0x000000000002f6d0                altera_nios2_gen2_irq_init
 .text          0x000000000002f6f4       0x90 C:/RTES/variants/onchip_instrCacheDisabled_dataCacheDisabled/sw/nios/onchip_instrCacheDisabled_dataCacheDisabled_bsp/\libhal_bsp.a(alt_find_dev.o)
                0x000000000002f6f4                alt_find_dev
 .text          0x000000000002f784      0x108 C:/RTES/variants/onchip_instrCacheDisabled_dataCacheDisabled/sw/nios/onchip_instrCacheDisabled_dataCacheDisabled_bsp/\libhal_bsp.a(alt_find_file.o)
                0x000000000002f784                alt_find_file
 .text          0x000000000002f88c       0xa4 C:/RTES/variants/onchip_instrCacheDisabled_dataCacheDisabled/sw/nios/onchip_instrCacheDisabled_dataCacheDisabled_bsp/\libhal_bsp.a(alt_get_fd.o)
                0x000000000002f88c                alt_get_fd
 .text          0x000000000002f930        0x0 c:/intelfpga_lite/18.1/nios2eds/bin/gnu/h-x86_64-mingw32/bin/../lib/gcc/nios2-elf/5.3.0/../../../../../H-x86_64-mingw32/nios2-elf/lib\libc.a(lib_a-atexit.o)
 .text.atexit   0x000000000002f930       0x14 c:/intelfpga_lite/18.1/nios2eds/bin/gnu/h-x86_64-mingw32/bin/../lib/gcc/nios2-elf/5.3.0/../../../../../H-x86_64-mingw32/nios2-elf/lib\libc.a(lib_a-atexit.o)
                0x000000000002f930                atexit
 .text          0x000000000002f944        0x0 c:/intelfpga_lite/18.1/nios2eds/bin/gnu/h-x86_64-mingw32/bin/../lib/gcc/nios2-elf/5.3.0/../../../../../H-x86_64-mingw32/nios2-elf/lib\libc.a(lib_a-exit.o)
 .text.exit     0x000000000002f944       0x38 c:/intelfpga_lite/18.1/nios2eds/bin/gnu/h-x86_64-mingw32/bin/../lib/gcc/nios2-elf/5.3.0/../../../../../H-x86_64-mingw32/nios2-elf/lib\libc.a(lib_a-exit.o)
                0x000000000002f944                exit
 .text          0x000000000002f97c        0x0 c:/intelfpga_lite/18.1/nios2eds/bin/gnu/h-x86_64-mingw32/bin/../lib/gcc/nios2-elf/5.3.0/../../../../../H-x86_64-mingw32/nios2-elf/lib\libc.a(lib_a-memcmp.o)
 .text.memcmp   0x000000000002f97c       0x7c c:/intelfpga_lite/18.1/nios2eds/bin/gnu/h-x86_64-mingw32/bin/../lib/gcc/nios2-elf/5.3.0/../../../../../H-x86_64-mingw32/nios2-elf/lib\libc.a(lib_a-memcmp.o)
                0x000000000002f97c                memcmp
 .text          0x000000000002f9f8        0x0 c:/intelfpga_lite/18.1/nios2eds/bin/gnu/h-x86_64-mingw32/bin/../lib/gcc/nios2-elf/5.3.0/../../../../../H-x86_64-mingw32/nios2-elf/lib\libc.a(lib_a-putc.o)
 .text._putc_r  0x000000000002f9f8       0xa0 c:/intelfpga_lite/18.1/nios2eds/bin/gnu/h-x86_64-mingw32/bin/../lib/gcc/nios2-elf/5.3.0/../../../../../H-x86_64-mingw32/nios2-elf/lib\libc.a(lib_a-putc.o)
                0x000000000002f9f8                _putc_r
 .text.putc     0x000000000002fa98       0xc8 c:/intelfpga_lite/18.1/nios2eds/bin/gnu/h-x86_64-mingw32/bin/../lib/gcc/nios2-elf/5.3.0/../../../../../H-x86_64-mingw32/nios2-elf/lib\libc.a(lib_a-putc.o)
                0x000000000002fa98                putc
 .text          0x000000000002fb60        0x0 c:/intelfpga_lite/18.1/nios2eds/bin/gnu/h-x86_64-mingw32/bin/../lib/gcc/nios2-elf/5.3.0/../../../../../H-x86_64-mingw32/nios2-elf/lib\libc.a(lib_a-__atexit.o)
 .text.__register_exitproc
                0x000000000002fb60      0x118 c:/intelfpga_lite/18.1/nios2eds/bin/gnu/h-x86_64-mingw32/bin/../lib/gcc/nios2-elf/5.3.0/../../../../../H-x86_64-mingw32/nios2-elf/lib\libc.a(lib_a-__atexit.o)
                0x000000000002fb60                __register_exitproc
 .text          0x000000000002fc78        0x0 c:/intelfpga_lite/18.1/nios2eds/bin/gnu/h-x86_64-mingw32/bin/../lib/gcc/nios2-elf/5.3.0/../../../../../H-x86_64-mingw32/nios2-elf/lib\libc.a(lib_a-__call_atexit.o)
 .text.__call_exitprocs
                0x000000000002fc78      0x180 c:/intelfpga_lite/18.1/nios2eds/bin/gnu/h-x86_64-mingw32/bin/../lib/gcc/nios2-elf/5.3.0/../../../../../H-x86_64-mingw32/nios2-elf/lib\libc.a(lib_a-__call_atexit.o)
                0x000000000002fc78                __call_exitprocs
 .text          0x000000000002fdf8       0x34 C:/RTES/variants/onchip_instrCacheDisabled_dataCacheDisabled/sw/nios/onchip_instrCacheDisabled_dataCacheDisabled_bsp/\libhal_bsp.a(alt_exit.o)
                0x000000000002fdf8                _exit
 *(.gnu.warning.*)
 *(.fini)
                [!provide]                        PROVIDE (__etext, ABSOLUTE (.))
                [!provide]                        PROVIDE (_etext, ABSOLUTE (.))
                [!provide]                        PROVIDE (etext, ABSOLUTE (.))
 *(.eh_frame_hdr)
                0x000000000002fe2c                . = ALIGN (0x4)
                [!provide]                        PROVIDE (__preinit_array_start, ABSOLUTE (.))
 *(.preinit_array)
                [!provide]                        PROVIDE (__preinit_array_end, ABSOLUTE (.))
                [!provide]                        PROVIDE (__init_array_start, ABSOLUTE (.))
 *(.init_array)
                [!provide]                        PROVIDE (__init_array_end, ABSOLUTE (.))
                [!provide]                        PROVIDE (__fini_array_start, ABSOLUTE (.))
 *(.fini_array)
                [!provide]                        PROVIDE (__fini_array_end, ABSOLUTE (.))
 *(.eh_frame)
 *(.gcc_except_table .gcc_except_table.*)
 *(.dynamic)
                0x000000000002fe2c                PROVIDE (__CTOR_LIST__, ABSOLUTE (.))
 *(.ctors)
 *(SORT(.ctors.*))
                0x000000000002fe2c                PROVIDE (__CTOR_END__, ABSOLUTE (.))
                0x000000000002fe2c                PROVIDE (__DTOR_LIST__, ABSOLUTE (.))
 *(.dtors)
 *(SORT(.dtors.*))
                0x000000000002fe2c                PROVIDE (__DTOR_END__, ABSOLUTE (.))
 *(.jcr)
                0x000000000002fe2c                . = ALIGN (0x4)

.rodata         0x000000000002fe2c      0x550
                0x000000000002fe2c                PROVIDE (__ram_rodata_start, ABSOLUTE (.))
                0x000000000002fe2c                . = ALIGN (0x4)
 *(.rodata .rodata.* .gnu.linkonce.r.*)
 .rodata        0x000000000002fe2c      0x253 obj/default/hello_world.o
 *fill*         0x000000000003007f        0x1 
 .rodata.str1.4
                0x0000000000030080       0x42 c:/intelfpga_lite/18.1/nios2eds/bin/gnu/h-x86_64-mingw32/bin/../lib/gcc/nios2-elf/5.3.0/../../../../../H-x86_64-mingw32/nios2-elf/lib\libc.a(lib_a-vfprintf.o)
 .rodata.zeroes.4404
                0x00000000000300c2       0x10 c:/intelfpga_lite/18.1/nios2eds/bin/gnu/h-x86_64-mingw32/bin/../lib/gcc/nios2-elf/5.3.0/../../../../../H-x86_64-mingw32/nios2-elf/lib\libc.a(lib_a-vfprintf.o)
 .rodata.blanks.4403
                0x00000000000300d2       0x10 c:/intelfpga_lite/18.1/nios2eds/bin/gnu/h-x86_64-mingw32/bin/../lib/gcc/nios2-elf/5.3.0/../../../../../H-x86_64-mingw32/nios2-elf/lib\libc.a(lib_a-vfprintf.o)
 *fill*         0x00000000000300e2        0x2 
 .rodata.str1.4
                0x00000000000300e4       0x10 c:/intelfpga_lite/18.1/nios2eds/bin/gnu/h-x86_64-mingw32/bin/../lib/gcc/nios2-elf/5.3.0/../../../../../H-x86_64-mingw32/nios2-elf/lib\libc.a(lib_a-dtoa.o)
                                         0x12 (size before relaxing)
 .rodata.str1.4
                0x00000000000300f4        0x2 c:/intelfpga_lite/18.1/nios2eds/bin/gnu/h-x86_64-mingw32/bin/../lib/gcc/nios2-elf/5.3.0/../../../../../H-x86_64-mingw32/nios2-elf/lib\libc.a(lib_a-impure.o)
 *fill*         0x00000000000300f6        0x2 
 .rodata.str1.4
                0x00000000000300f8        0xc c:/intelfpga_lite/18.1/nios2eds/bin/gnu/h-x86_64-mingw32/bin/../lib/gcc/nios2-elf/5.3.0/../../../../../H-x86_64-mingw32/nios2-elf/lib\libc.a(lib_a-locale.o)
                                         0x12 (size before relaxing)
 .rodata.p05.2768
                0x0000000000030104        0xc c:/intelfpga_lite/18.1/nios2eds/bin/gnu/h-x86_64-mingw32/bin/../lib/gcc/nios2-elf/5.3.0/../../../../../H-x86_64-mingw32/nios2-elf/lib\libc.a(lib_a-mprec.o)
 .rodata.__mprec_tinytens
                0x0000000000030110       0x28 c:/intelfpga_lite/18.1/nios2eds/bin/gnu/h-x86_64-mingw32/bin/../lib/gcc/nios2-elf/5.3.0/../../../../../H-x86_64-mingw32/nios2-elf/lib\libc.a(lib_a-mprec.o)
                0x0000000000030110                __mprec_tinytens
 .rodata.__mprec_bigtens
                0x0000000000030138       0x28 c:/intelfpga_lite/18.1/nios2eds/bin/gnu/h-x86_64-mingw32/bin/../lib/gcc/nios2-elf/5.3.0/../../../../../H-x86_64-mingw32/nios2-elf/lib\libc.a(lib_a-mprec.o)
                0x0000000000030138                __mprec_bigtens
 .rodata.__mprec_tens
                0x0000000000030160       0xc8 c:/intelfpga_lite/18.1/nios2eds/bin/gnu/h-x86_64-mingw32/bin/../lib/gcc/nios2-elf/5.3.0/../../../../../H-x86_64-mingw32/nios2-elf/lib\libc.a(lib_a-mprec.o)
                0x0000000000030160                __mprec_tens
 .rodata.str1.4
                0x0000000000030228       0x2f c:/intelfpga_lite/18.1/nios2eds/bin/gnu/h-x86_64-mingw32/bin/../lib/gcc/nios2-elf/5.3.0/../../../../../H-x86_64-mingw32/nios2-elf/lib\libc.a(lib_a-vfiprintf.o)
 .rodata.zeroes.4349
                0x0000000000030228       0x10 c:/intelfpga_lite/18.1/nios2eds/bin/gnu/h-x86_64-mingw32/bin/../lib/gcc/nios2-elf/5.3.0/../../../../../H-x86_64-mingw32/nios2-elf/lib\libc.a(lib_a-vfiprintf.o)
 .rodata.blanks.4348
                0x0000000000030238       0x10 c:/intelfpga_lite/18.1/nios2eds/bin/gnu/h-x86_64-mingw32/bin/../lib/gcc/nios2-elf/5.3.0/../../../../../H-x86_64-mingw32/nios2-elf/lib\libc.a(lib_a-vfiprintf.o)
 .rodata        0x0000000000030248      0x100 c:/intelfpga_lite/18.1/nios2eds/bin/gnu/h-x86_64-mingw32/bin/../lib/gcc/nios2-elf/5.3.0\libgcc.a(_clz.o)
                0x0000000000030248                __clz_tab
 .rodata        0x0000000000030348        0xa C:/RTES/variants/onchip_instrCacheDisabled_dataCacheDisabled/sw/nios/onchip_instrCacheDisabled_dataCacheDisabled_bsp/\libhal_bsp.a(alt_dev.o)
 *fill*         0x0000000000030352        0x2 
 .rodata        0x0000000000030354       0x11 C:/RTES/variants/onchip_instrCacheDisabled_dataCacheDisabled/sw/nios/onchip_instrCacheDisabled_dataCacheDisabled_bsp/\libhal_bsp.a(alt_main.o)
 *fill*         0x0000000000030365        0x3 
 .rodata        0x0000000000030368       0x11 C:/RTES/variants/onchip_instrCacheDisabled_dataCacheDisabled/sw/nios/onchip_instrCacheDisabled_dataCacheDisabled_bsp/\libhal_bsp.a(alt_sys_init.o)
 *(.rodata1)
                0x000000000003037c                . = ALIGN (0x4)
 *fill*         0x0000000000030379        0x3 
                0x000000000003037c                PROVIDE (__ram_rodata_end, ABSOLUTE (.))
                0x000000000002fe2c                PROVIDE (__flash_rodata_start, LOADADDR (.rodata))

.rwdata         0x000000000003037c     0x1aec load address 0x0000000000031e68
                0x000000000003037c                PROVIDE (__ram_rwdata_start, ABSOLUTE (.))
                0x000000000003037c                . = ALIGN (0x4)
 *(.got.plt)
 *(.got)
 *(.data1)
 *(.data .data.* .gnu.linkonce.d.*)
 .data          0x000000000003037c        0x0 C:/RTES/variants/onchip_instrCacheDisabled_dataCacheDisabled/sw/nios/onchip_instrCacheDisabled_dataCacheDisabled_bsp//obj/HAL/src/crt0.o
 .data          0x000000000003037c        0x0 obj/default/hello_world.o
 .data          0x000000000003037c        0x0 c:/intelfpga_lite/18.1/nios2eds/bin/gnu/h-x86_64-mingw32/bin/../lib/gcc/nios2-elf/5.3.0\libgcc.a(lib2-divmod.o)
 .data          0x000000000003037c        0x0 c:/intelfpga_lite/18.1/nios2eds/bin/gnu/h-x86_64-mingw32/bin/../lib/gcc/nios2-elf/5.3.0/../../../../../H-x86_64-mingw32/nios2-elf/lib\libc.a(lib_a-printf.o)
 .data          0x000000000003037c        0x0 c:/intelfpga_lite/18.1/nios2eds/bin/gnu/h-x86_64-mingw32/bin/../lib/gcc/nios2-elf/5.3.0/../../../../../H-x86_64-mingw32/nios2-elf/lib\libc.a(lib_a-vfprintf.o)
 .data          0x000000000003037c        0x0 c:/intelfpga_lite/18.1/nios2eds/bin/gnu/h-x86_64-mingw32/bin/../lib/gcc/nios2-elf/5.3.0/../../../../../H-x86_64-mingw32/nios2-elf/lib\libc.a(lib_a-wsetup.o)
 .data          0x000000000003037c        0x0 c:/intelfpga_lite/18.1/nios2eds/bin/gnu/h-x86_64-mingw32/bin/../lib/gcc/nios2-elf/5.3.0/../../../../../H-x86_64-mingw32/nios2-elf/lib\libc.a(lib_a-dtoa.o)
 .data          0x000000000003037c        0x0 c:/intelfpga_lite/18.1/nios2eds/bin/gnu/h-x86_64-mingw32/bin/../lib/gcc/nios2-elf/5.3.0/../../../../../H-x86_64-mingw32/nios2-elf/lib\libc.a(lib_a-fflush.o)
 .data          0x000000000003037c        0x0 c:/intelfpga_lite/18.1/nios2eds/bin/gnu/h-x86_64-mingw32/bin/../lib/gcc/nios2-elf/5.3.0/../../../../../H-x86_64-mingw32/nios2-elf/lib\libc.a(lib_a-findfp.o)
 .data          0x000000000003037c        0x0 c:/intelfpga_lite/18.1/nios2eds/bin/gnu/h-x86_64-mingw32/bin/../lib/gcc/nios2-elf/5.3.0/../../../../../H-x86_64-mingw32/nios2-elf/lib\libc.a(lib_a-freer.o)
 .data          0x000000000003037c        0x0 c:/intelfpga_lite/18.1/nios2eds/bin/gnu/h-x86_64-mingw32/bin/../lib/gcc/nios2-elf/5.3.0/../../../../../H-x86_64-mingw32/nios2-elf/lib\libc.a(lib_a-fwalk.o)
 .data          0x000000000003037c        0x0 c:/intelfpga_lite/18.1/nios2eds/bin/gnu/h-x86_64-mingw32/bin/../lib/gcc/nios2-elf/5.3.0/../../../../../H-x86_64-mingw32/nios2-elf/lib\libc.a(lib_a-impure.o)
 .data.impure_data
                0x000000000003037c      0x424 c:/intelfpga_lite/18.1/nios2eds/bin/gnu/h-x86_64-mingw32/bin/../lib/gcc/nios2-elf/5.3.0/../../../../../H-x86_64-mingw32/nios2-elf/lib\libc.a(lib_a-impure.o)
 .data          0x00000000000307a0        0x0 c:/intelfpga_lite/18.1/nios2eds/bin/gnu/h-x86_64-mingw32/bin/../lib/gcc/nios2-elf/5.3.0/../../../../../H-x86_64-mingw32/nios2-elf/lib\libc.a(lib_a-locale.o)
 .data.lc_message_charset
                0x00000000000307a0       0x20 c:/intelfpga_lite/18.1/nios2eds/bin/gnu/h-x86_64-mingw32/bin/../lib/gcc/nios2-elf/5.3.0/../../../../../H-x86_64-mingw32/nios2-elf/lib\libc.a(lib_a-locale.o)
 .data.lc_ctype_charset
                0x00000000000307c0       0x20 c:/intelfpga_lite/18.1/nios2eds/bin/gnu/h-x86_64-mingw32/bin/../lib/gcc/nios2-elf/5.3.0/../../../../../H-x86_64-mingw32/nios2-elf/lib\libc.a(lib_a-locale.o)
 .data.lconv    0x00000000000307e0       0x38 c:/intelfpga_lite/18.1/nios2eds/bin/gnu/h-x86_64-mingw32/bin/../lib/gcc/nios2-elf/5.3.0/../../../../../H-x86_64-mingw32/nios2-elf/lib\libc.a(lib_a-locale.o)
 .data          0x0000000000030818        0x0 c:/intelfpga_lite/18.1/nios2eds/bin/gnu/h-x86_64-mingw32/bin/../lib/gcc/nios2-elf/5.3.0/../../../../../H-x86_64-mingw32/nios2-elf/lib\libc.a(lib_a-makebuf.o)
 .data          0x0000000000030818        0x0 c:/intelfpga_lite/18.1/nios2eds/bin/gnu/h-x86_64-mingw32/bin/../lib/gcc/nios2-elf/5.3.0/../../../../../H-x86_64-mingw32/nios2-elf/lib\libc.a(lib_a-mallocr.o)
 .data.__malloc_av_
                0x0000000000030818      0x408 c:/intelfpga_lite/18.1/nios2eds/bin/gnu/h-x86_64-mingw32/bin/../lib/gcc/nios2-elf/5.3.0/../../../../../H-x86_64-mingw32/nios2-elf/lib\libc.a(lib_a-mallocr.o)
                0x0000000000030818                __malloc_av_
 .data          0x0000000000030c20        0x0 c:/intelfpga_lite/18.1/nios2eds/bin/gnu/h-x86_64-mingw32/bin/../lib/gcc/nios2-elf/5.3.0/../../../../../H-x86_64-mingw32/nios2-elf/lib\libc.a(lib_a-memchr.o)
 .data          0x0000000000030c20        0x0 c:/intelfpga_lite/18.1/nios2eds/bin/gnu/h-x86_64-mingw32/bin/../lib/gcc/nios2-elf/5.3.0/../../../../../H-x86_64-mingw32/nios2-elf/lib\libc.a(lib_a-memcpy.o)
 .data          0x0000000000030c20        0x0 c:/intelfpga_lite/18.1/nios2eds/bin/gnu/h-x86_64-mingw32/bin/../lib/gcc/nios2-elf/5.3.0/../../../../../H-x86_64-mingw32/nios2-elf/lib\libc.a(lib_a-memset.o)
 .data          0x0000000000030c20        0x0 c:/intelfpga_lite/18.1/nios2eds/bin/gnu/h-x86_64-mingw32/bin/../lib/gcc/nios2-elf/5.3.0/../../../../../H-x86_64-mingw32/nios2-elf/lib\libc.a(lib_a-mprec.o)
 .data          0x0000000000030c20        0x0 c:/intelfpga_lite/18.1/nios2eds/bin/gnu/h-x86_64-mingw32/bin/../lib/gcc/nios2-elf/5.3.0/../../../../../H-x86_64-mingw32/nios2-elf/lib\libc.a(lib_a-s_fpclassify.o)
 .data          0x0000000000030c20        0x0 c:/intelfpga_lite/18.1/nios2eds/bin/gnu/h-x86_64-mingw32/bin/../lib/gcc/nios2-elf/5.3.0/../../../../../H-x86_64-mingw32/nios2-elf/lib\libc.a(lib_a-sbrkr.o)
 .data          0x0000000000030c20        0x0 c:/intelfpga_lite/18.1/nios2eds/bin/gnu/h-x86_64-mingw32/bin/../lib/gcc/nios2-elf/5.3.0/../../../../../H-x86_64-mingw32/nios2-elf/lib\libc.a(lib_a-stdio.o)
 .data          0x0000000000030c20        0x0 c:/intelfpga_lite/18.1/nios2eds/bin/gnu/h-x86_64-mingw32/bin/../lib/gcc/nios2-elf/5.3.0/../../../../../H-x86_64-mingw32/nios2-elf/lib\libc.a(lib_a-strcmp.o)
 .data          0x0000000000030c20        0x0 c:/intelfpga_lite/18.1/nios2eds/bin/gnu/h-x86_64-mingw32/bin/../lib/gcc/nios2-elf/5.3.0/../../../../../H-x86_64-mingw32/nios2-elf/lib\libc.a(lib_a-strlen.o)
 .data          0x0000000000030c20        0x0 c:/intelfpga_lite/18.1/nios2eds/bin/gnu/h-x86_64-mingw32/bin/../lib/gcc/nios2-elf/5.3.0/../../../../../H-x86_64-mingw32/nios2-elf/lib\libc.a(lib_a-vfiprintf.o)
 .data          0x0000000000030c20        0x0 c:/intelfpga_lite/18.1/nios2eds/bin/gnu/h-x86_64-mingw32/bin/../lib/gcc/nios2-elf/5.3.0/../../../../../H-x86_64-mingw32/nios2-elf/lib\libc.a(lib_a-writer.o)
 .data          0x0000000000030c20        0x0 c:/intelfpga_lite/18.1/nios2eds/bin/gnu/h-x86_64-mingw32/bin/../lib/gcc/nios2-elf/5.3.0/../../../../../H-x86_64-mingw32/nios2-elf/lib\libc.a(closer.o)
 .data          0x0000000000030c20        0x0 c:/intelfpga_lite/18.1/nios2eds/bin/gnu/h-x86_64-mingw32/bin/../lib/gcc/nios2-elf/5.3.0/../../../../../H-x86_64-mingw32/nios2-elf/lib\libc.a(lib_a-callocr.o)
 .data          0x0000000000030c20        0x0 c:/intelfpga_lite/18.1/nios2eds/bin/gnu/h-x86_64-mingw32/bin/../lib/gcc/nios2-elf/5.3.0/../../../../../H-x86_64-mingw32/nios2-elf/lib\libc.a(lib_a-fclose.o)
 .data          0x0000000000030c20        0x0 c:/intelfpga_lite/18.1/nios2eds/bin/gnu/h-x86_64-mingw32/bin/../lib/gcc/nios2-elf/5.3.0/../../../../../H-x86_64-mingw32/nios2-elf/lib\libc.a(lib_a-fputwc.o)
 .data          0x0000000000030c20        0x0 c:/intelfpga_lite/18.1/nios2eds/bin/gnu/h-x86_64-mingw32/bin/../lib/gcc/nios2-elf/5.3.0/../../../../../H-x86_64-mingw32/nios2-elf/lib\libc.a(lib_a-fstatr.o)
 .data          0x0000000000030c20        0x0 c:/intelfpga_lite/18.1/nios2eds/bin/gnu/h-x86_64-mingw32/bin/../lib/gcc/nios2-elf/5.3.0/../../../../../H-x86_64-mingw32/nios2-elf/lib\libc.a(lib_a-fvwrite.o)
 .data          0x0000000000030c20        0x0 c:/intelfpga_lite/18.1/nios2eds/bin/gnu/h-x86_64-mingw32/bin/../lib/gcc/nios2-elf/5.3.0/../../../../../H-x86_64-mingw32/nios2-elf/lib\libc.a(lib_a-int_errno.o)
 .data          0x0000000000030c20        0x0 c:/intelfpga_lite/18.1/nios2eds/bin/gnu/h-x86_64-mingw32/bin/../lib/gcc/nios2-elf/5.3.0/../../../../../H-x86_64-mingw32/nios2-elf/lib\libc.a(lib_a-isattyr.o)
 .data          0x0000000000030c20        0x0 c:/intelfpga_lite/18.1/nios2eds/bin/gnu/h-x86_64-mingw32/bin/../lib/gcc/nios2-elf/5.3.0/../../../../../H-x86_64-mingw32/nios2-elf/lib\libc.a(lib_a-lseekr.o)
 .data          0x0000000000030c20        0x0 c:/intelfpga_lite/18.1/nios2eds/bin/gnu/h-x86_64-mingw32/bin/../lib/gcc/nios2-elf/5.3.0/../../../../../H-x86_64-mingw32/nios2-elf/lib\libc.a(lib_a-memmove.o)
 .data          0x0000000000030c20        0x0 c:/intelfpga_lite/18.1/nios2eds/bin/gnu/h-x86_64-mingw32/bin/../lib/gcc/nios2-elf/5.3.0/../../../../../H-x86_64-mingw32/nios2-elf/lib\libc.a(lib_a-readr.o)
 .data          0x0000000000030c20        0x0 c:/intelfpga_lite/18.1/nios2eds/bin/gnu/h-x86_64-mingw32/bin/../lib/gcc/nios2-elf/5.3.0/../../../../../H-x86_64-mingw32/nios2-elf/lib\libc.a(lib_a-reallocr.o)
 .data          0x0000000000030c20        0x0 c:/intelfpga_lite/18.1/nios2eds/bin/gnu/h-x86_64-mingw32/bin/../lib/gcc/nios2-elf/5.3.0/../../../../../H-x86_64-mingw32/nios2-elf/lib\libc.a(lib_a-wbuf.o)
 .data          0x0000000000030c20        0x0 c:/intelfpga_lite/18.1/nios2eds/bin/gnu/h-x86_64-mingw32/bin/../lib/gcc/nios2-elf/5.3.0/../../../../../H-x86_64-mingw32/nios2-elf/lib\libc.a(lib_a-wcrtomb.o)
 .data          0x0000000000030c20        0x0 c:/intelfpga_lite/18.1/nios2eds/bin/gnu/h-x86_64-mingw32/bin/../lib/gcc/nios2-elf/5.3.0/../../../../../H-x86_64-mingw32/nios2-elf/lib\libc.a(lib_a-wctomb_r.o)
 .data          0x0000000000030c20        0x0 c:/intelfpga_lite/18.1/nios2eds/bin/gnu/h-x86_64-mingw32/bin/../lib/gcc/nios2-elf/5.3.0\libgcc.a(_udivdi3.o)
 .data          0x0000000000030c20        0x0 c:/intelfpga_lite/18.1/nios2eds/bin/gnu/h-x86_64-mingw32/bin/../lib/gcc/nios2-elf/5.3.0\libgcc.a(_umoddi3.o)
 .data          0x0000000000030c20        0x0 c:/intelfpga_lite/18.1/nios2eds/bin/gnu/h-x86_64-mingw32/bin/../lib/gcc/nios2-elf/5.3.0\libgcc.a(adddf3.o)
 .data          0x0000000000030c20        0x0 c:/intelfpga_lite/18.1/nios2eds/bin/gnu/h-x86_64-mingw32/bin/../lib/gcc/nios2-elf/5.3.0\libgcc.a(divdf3.o)
 .data          0x0000000000030c20        0x0 c:/intelfpga_lite/18.1/nios2eds/bin/gnu/h-x86_64-mingw32/bin/../lib/gcc/nios2-elf/5.3.0\libgcc.a(eqdf2.o)
 .data          0x0000000000030c20        0x0 c:/intelfpga_lite/18.1/nios2eds/bin/gnu/h-x86_64-mingw32/bin/../lib/gcc/nios2-elf/5.3.0\libgcc.a(gedf2.o)
 .data          0x0000000000030c20        0x0 c:/intelfpga_lite/18.1/nios2eds/bin/gnu/h-x86_64-mingw32/bin/../lib/gcc/nios2-elf/5.3.0\libgcc.a(ledf2.o)
 .data          0x0000000000030c20        0x0 c:/intelfpga_lite/18.1/nios2eds/bin/gnu/h-x86_64-mingw32/bin/../lib/gcc/nios2-elf/5.3.0\libgcc.a(muldf3.o)
 .data          0x0000000000030c20        0x0 c:/intelfpga_lite/18.1/nios2eds/bin/gnu/h-x86_64-mingw32/bin/../lib/gcc/nios2-elf/5.3.0\libgcc.a(subdf3.o)
 .data          0x0000000000030c20        0x0 c:/intelfpga_lite/18.1/nios2eds/bin/gnu/h-x86_64-mingw32/bin/../lib/gcc/nios2-elf/5.3.0\libgcc.a(fixdfsi.o)
 .data          0x0000000000030c20        0x0 c:/intelfpga_lite/18.1/nios2eds/bin/gnu/h-x86_64-mingw32/bin/../lib/gcc/nios2-elf/5.3.0\libgcc.a(floatsidf.o)
 .data          0x0000000000030c20        0x0 c:/intelfpga_lite/18.1/nios2eds/bin/gnu/h-x86_64-mingw32/bin/../lib/gcc/nios2-elf/5.3.0\libgcc.a(floatunsidf.o)
 .data          0x0000000000030c20        0x0 c:/intelfpga_lite/18.1/nios2eds/bin/gnu/h-x86_64-mingw32/bin/../lib/gcc/nios2-elf/5.3.0\libgcc.a(_clz.o)
 .data          0x0000000000030c20        0x0 c:/intelfpga_lite/18.1/nios2eds/bin/gnu/h-x86_64-mingw32/bin/../lib/gcc/nios2-elf/5.3.0\libgcc.a(_clzsi2.o)
 .data          0x0000000000030c20        0x0 C:/RTES/variants/onchip_instrCacheDisabled_dataCacheDisabled/sw/nios/onchip_instrCacheDisabled_dataCacheDisabled_bsp/\libhal_bsp.a(alt_close.o)
 .data          0x0000000000030c20      0x1a8 C:/RTES/variants/onchip_instrCacheDisabled_dataCacheDisabled/sw/nios/onchip_instrCacheDisabled_dataCacheDisabled_bsp/\libhal_bsp.a(alt_dev.o)
                0x0000000000030c20                alt_dev_null
                0x0000000000030c48                alt_fd_list
 .data          0x0000000000030dc8        0x0 C:/RTES/variants/onchip_instrCacheDisabled_dataCacheDisabled/sw/nios/onchip_instrCacheDisabled_dataCacheDisabled_bsp/\libhal_bsp.a(alt_errno.o)
 .data          0x0000000000030dc8        0x0 C:/RTES/variants/onchip_instrCacheDisabled_dataCacheDisabled/sw/nios/onchip_instrCacheDisabled_dataCacheDisabled_bsp/\libhal_bsp.a(alt_fstat.o)
 .data          0x0000000000030dc8        0x0 C:/RTES/variants/onchip_instrCacheDisabled_dataCacheDisabled/sw/nios/onchip_instrCacheDisabled_dataCacheDisabled_bsp/\libhal_bsp.a(alt_iic.o)
 .data          0x0000000000030dc8        0x0 C:/RTES/variants/onchip_instrCacheDisabled_dataCacheDisabled/sw/nios/onchip_instrCacheDisabled_dataCacheDisabled_bsp/\libhal_bsp.a(alt_iic_isr_register.o)
 .data          0x0000000000030dc8        0x0 C:/RTES/variants/onchip_instrCacheDisabled_dataCacheDisabled/sw/nios/onchip_instrCacheDisabled_dataCacheDisabled_bsp/\libhal_bsp.a(alt_irq_entry.o)
 .data          0x0000000000030dc8        0x0 C:/RTES/variants/onchip_instrCacheDisabled_dataCacheDisabled/sw/nios/onchip_instrCacheDisabled_dataCacheDisabled_bsp/\libhal_bsp.a(alt_irq_handler.o)
 .data          0x0000000000030dc8        0x0 C:/RTES/variants/onchip_instrCacheDisabled_dataCacheDisabled/sw/nios/onchip_instrCacheDisabled_dataCacheDisabled_bsp/\libhal_bsp.a(alt_irq_vars.o)
 .data          0x0000000000030dc8        0x0 C:/RTES/variants/onchip_instrCacheDisabled_dataCacheDisabled/sw/nios/onchip_instrCacheDisabled_dataCacheDisabled_bsp/\libhal_bsp.a(alt_isatty.o)
 .data          0x0000000000030dc8        0x0 C:/RTES/variants/onchip_instrCacheDisabled_dataCacheDisabled/sw/nios/onchip_instrCacheDisabled_dataCacheDisabled_bsp/\libhal_bsp.a(alt_load.o)
 .data          0x0000000000030dc8        0x0 C:/RTES/variants/onchip_instrCacheDisabled_dataCacheDisabled/sw/nios/onchip_instrCacheDisabled_dataCacheDisabled_bsp/\libhal_bsp.a(alt_lseek.o)
 .data          0x0000000000030dc8        0x0 C:/RTES/variants/onchip_instrCacheDisabled_dataCacheDisabled/sw/nios/onchip_instrCacheDisabled_dataCacheDisabled_bsp/\libhal_bsp.a(alt_main.o)
 .data          0x0000000000030dc8        0x0 C:/RTES/variants/onchip_instrCacheDisabled_dataCacheDisabled/sw/nios/onchip_instrCacheDisabled_dataCacheDisabled_bsp/\libhal_bsp.a(alt_malloc_lock.o)
 .data          0x0000000000030dc8        0x0 C:/RTES/variants/onchip_instrCacheDisabled_dataCacheDisabled/sw/nios/onchip_instrCacheDisabled_dataCacheDisabled_bsp/\libhal_bsp.a(alt_printf.o)
 .data          0x0000000000030dc8        0x0 C:/RTES/variants/onchip_instrCacheDisabled_dataCacheDisabled/sw/nios/onchip_instrCacheDisabled_dataCacheDisabled_bsp/\libhal_bsp.a(alt_putchar.o)
 .data          0x0000000000030dc8        0x0 C:/RTES/variants/onchip_instrCacheDisabled_dataCacheDisabled/sw/nios/onchip_instrCacheDisabled_dataCacheDisabled_bsp/\libhal_bsp.a(alt_read.o)
 .data          0x0000000000030dc8        0x0 C:/RTES/variants/onchip_instrCacheDisabled_dataCacheDisabled/sw/nios/onchip_instrCacheDisabled_dataCacheDisabled_bsp/\libhal_bsp.a(alt_release_fd.o)
 .data          0x0000000000030dc8        0x0 C:/RTES/variants/onchip_instrCacheDisabled_dataCacheDisabled/sw/nios/onchip_instrCacheDisabled_dataCacheDisabled_bsp/\libhal_bsp.a(alt_sbrk.o)
 .data          0x0000000000030dc8        0x0 C:/RTES/variants/onchip_instrCacheDisabled_dataCacheDisabled/sw/nios/onchip_instrCacheDisabled_dataCacheDisabled_bsp/\libhal_bsp.a(alt_write.o)
 .data          0x0000000000030dc8     0x1060 C:/RTES/variants/onchip_instrCacheDisabled_dataCacheDisabled/sw/nios/onchip_instrCacheDisabled_dataCacheDisabled_bsp/\libhal_bsp.a(alt_sys_init.o)
 .data          0x0000000000031e28        0x0 C:/RTES/variants/onchip_instrCacheDisabled_dataCacheDisabled/sw/nios/onchip_instrCacheDisabled_dataCacheDisabled_bsp/\libhal_bsp.a(altera_avalon_jtag_uart_fd.o)
 .data          0x0000000000031e28        0x0 C:/RTES/variants/onchip_instrCacheDisabled_dataCacheDisabled/sw/nios/onchip_instrCacheDisabled_dataCacheDisabled_bsp/\libhal_bsp.a(altera_avalon_jtag_uart_init.o)
 .data          0x0000000000031e28        0x0 C:/RTES/variants/onchip_instrCacheDisabled_dataCacheDisabled/sw/nios/onchip_instrCacheDisabled_dataCacheDisabled_bsp/\libhal_bsp.a(altera_avalon_jtag_uart_ioctl.o)
 .data          0x0000000000031e28        0x0 C:/RTES/variants/onchip_instrCacheDisabled_dataCacheDisabled/sw/nios/onchip_instrCacheDisabled_dataCacheDisabled_bsp/\libhal_bsp.a(altera_avalon_jtag_uart_read.o)
 .data          0x0000000000031e28        0x0 C:/RTES/variants/onchip_instrCacheDisabled_dataCacheDisabled/sw/nios/onchip_instrCacheDisabled_dataCacheDisabled_bsp/\libhal_bsp.a(altera_avalon_jtag_uart_write.o)
 .data          0x0000000000031e28        0x0 C:/RTES/variants/onchip_instrCacheDisabled_dataCacheDisabled/sw/nios/onchip_instrCacheDisabled_dataCacheDisabled_bsp/\libhal_bsp.a(altera_avalon_timer_sc.o)
 .data          0x0000000000031e28        0x0 C:/RTES/variants/onchip_instrCacheDisabled_dataCacheDisabled/sw/nios/onchip_instrCacheDisabled_dataCacheDisabled_bsp/\libhal_bsp.a(alt_alarm_start.o)
 .data          0x0000000000031e28        0x0 C:/RTES/variants/onchip_instrCacheDisabled_dataCacheDisabled/sw/nios/onchip_instrCacheDisabled_dataCacheDisabled_bsp/\libhal_bsp.a(alt_dcache_flush_all.o)
 .data          0x0000000000031e28        0x0 C:/RTES/variants/onchip_instrCacheDisabled_dataCacheDisabled/sw/nios/onchip_instrCacheDisabled_dataCacheDisabled_bsp/\libhal_bsp.a(alt_dev_llist_insert.o)
 .data          0x0000000000031e28        0x0 C:/RTES/variants/onchip_instrCacheDisabled_dataCacheDisabled/sw/nios/onchip_instrCacheDisabled_dataCacheDisabled_bsp/\libhal_bsp.a(alt_do_ctors.o)
 .data          0x0000000000031e28        0x0 C:/RTES/variants/onchip_instrCacheDisabled_dataCacheDisabled/sw/nios/onchip_instrCacheDisabled_dataCacheDisabled_bsp/\libhal_bsp.a(alt_do_dtors.o)
 .data          0x0000000000031e28        0x0 C:/RTES/variants/onchip_instrCacheDisabled_dataCacheDisabled/sw/nios/onchip_instrCacheDisabled_dataCacheDisabled_bsp/\libhal_bsp.a(alt_exception_entry.o)
 .data          0x0000000000031e28        0x0 C:/RTES/variants/onchip_instrCacheDisabled_dataCacheDisabled/sw/nios/onchip_instrCacheDisabled_dataCacheDisabled_bsp/\libhal_bsp.a(alt_icache_flush_all.o)
 .data          0x0000000000031e28        0x0 C:/RTES/variants/onchip_instrCacheDisabled_dataCacheDisabled/sw/nios/onchip_instrCacheDisabled_dataCacheDisabled_bsp/\libhal_bsp.a(alt_instruction_exception_entry.o)
 .data          0x0000000000031e28        0x0 C:/RTES/variants/onchip_instrCacheDisabled_dataCacheDisabled/sw/nios/onchip_instrCacheDisabled_dataCacheDisabled_bsp/\libhal_bsp.a(alt_io_redirect.o)
 .data          0x0000000000031e28        0x0 C:/RTES/variants/onchip_instrCacheDisabled_dataCacheDisabled/sw/nios/onchip_instrCacheDisabled_dataCacheDisabled_bsp/\libhal_bsp.a(alt_open.o)
 .data          0x0000000000031e28        0x0 C:/RTES/variants/onchip_instrCacheDisabled_dataCacheDisabled/sw/nios/onchip_instrCacheDisabled_dataCacheDisabled_bsp/\libhal_bsp.a(alt_tick.o)
 .data          0x0000000000031e28        0x0 C:/RTES/variants/onchip_instrCacheDisabled_dataCacheDisabled/sw/nios/onchip_instrCacheDisabled_dataCacheDisabled_bsp/\libhal_bsp.a(altera_nios2_gen2_irq.o)
 .data          0x0000000000031e28        0x0 C:/RTES/variants/onchip_instrCacheDisabled_dataCacheDisabled/sw/nios/onchip_instrCacheDisabled_dataCacheDisabled_bsp/\libhal_bsp.a(alt_find_dev.o)
 .data          0x0000000000031e28        0x0 C:/RTES/variants/onchip_instrCacheDisabled_dataCacheDisabled/sw/nios/onchip_instrCacheDisabled_dataCacheDisabled_bsp/\libhal_bsp.a(alt_find_file.o)
 .data          0x0000000000031e28        0x0 C:/RTES/variants/onchip_instrCacheDisabled_dataCacheDisabled/sw/nios/onchip_instrCacheDisabled_dataCacheDisabled_bsp/\libhal_bsp.a(alt_get_fd.o)
 .data          0x0000000000031e28        0x0 c:/intelfpga_lite/18.1/nios2eds/bin/gnu/h-x86_64-mingw32/bin/../lib/gcc/nios2-elf/5.3.0/../../../../../H-x86_64-mingw32/nios2-elf/lib\libc.a(lib_a-atexit.o)
 .data          0x0000000000031e28        0x0 c:/intelfpga_lite/18.1/nios2eds/bin/gnu/h-x86_64-mingw32/bin/../lib/gcc/nios2-elf/5.3.0/../../../../../H-x86_64-mingw32/nios2-elf/lib\libc.a(lib_a-exit.o)
 .data          0x0000000000031e28        0x0 c:/intelfpga_lite/18.1/nios2eds/bin/gnu/h-x86_64-mingw32/bin/../lib/gcc/nios2-elf/5.3.0/../../../../../H-x86_64-mingw32/nios2-elf/lib\libc.a(lib_a-memcmp.o)
 .data          0x0000000000031e28        0x0 c:/intelfpga_lite/18.1/nios2eds/bin/gnu/h-x86_64-mingw32/bin/../lib/gcc/nios2-elf/5.3.0/../../../../../H-x86_64-mingw32/nios2-elf/lib\libc.a(lib_a-putc.o)
 .data          0x0000000000031e28        0x0 c:/intelfpga_lite/18.1/nios2eds/bin/gnu/h-x86_64-mingw32/bin/../lib/gcc/nios2-elf/5.3.0/../../../../../H-x86_64-mingw32/nios2-elf/lib\libc.a(lib_a-__atexit.o)
 .data          0x0000000000031e28        0x0 c:/intelfpga_lite/18.1/nios2eds/bin/gnu/h-x86_64-mingw32/bin/../lib/gcc/nios2-elf/5.3.0/../../../../../H-x86_64-mingw32/nios2-elf/lib\libc.a(lib_a-__call_atexit.o)
 .data          0x0000000000031e28        0x0 C:/RTES/variants/onchip_instrCacheDisabled_dataCacheDisabled/sw/nios/onchip_instrCacheDisabled_dataCacheDisabled_bsp/\libhal_bsp.a(alt_exit.o)
                0x0000000000039e28                _gp = ABSOLUTE ((. + 0x8000))
                [!provide]                        PROVIDE (gp, _gp)
 *(.rwdata .rwdata.*)
 *(.sdata .sdata.* .gnu.linkonce.s.*)
 .sdata._global_impure_ptr
                0x0000000000031e28        0x4 c:/intelfpga_lite/18.1/nios2eds/bin/gnu/h-x86_64-mingw32/bin/../lib/gcc/nios2-elf/5.3.0/../../../../../H-x86_64-mingw32/nios2-elf/lib\libc.a(lib_a-impure.o)
                0x0000000000031e28                _global_impure_ptr
 .sdata._impure_ptr
                0x0000000000031e2c        0x4 c:/intelfpga_lite/18.1/nios2eds/bin/gnu/h-x86_64-mingw32/bin/../lib/gcc/nios2-elf/5.3.0/../../../../../H-x86_64-mingw32/nios2-elf/lib\libc.a(lib_a-impure.o)
                0x0000000000031e2c                _impure_ptr
 .sdata.__mb_cur_max
                0x0000000000031e30        0x4 c:/intelfpga_lite/18.1/nios2eds/bin/gnu/h-x86_64-mingw32/bin/../lib/gcc/nios2-elf/5.3.0/../../../../../H-x86_64-mingw32/nios2-elf/lib\libc.a(lib_a-locale.o)
                0x0000000000031e30                __mb_cur_max
 .sdata.__malloc_sbrk_base
                0x0000000000031e34        0x4 c:/intelfpga_lite/18.1/nios2eds/bin/gnu/h-x86_64-mingw32/bin/../lib/gcc/nios2-elf/5.3.0/../../../../../H-x86_64-mingw32/nios2-elf/lib\libc.a(lib_a-mallocr.o)
                0x0000000000031e34                __malloc_sbrk_base
 .sdata.__malloc_trim_threshold
                0x0000000000031e38        0x4 c:/intelfpga_lite/18.1/nios2eds/bin/gnu/h-x86_64-mingw32/bin/../lib/gcc/nios2-elf/5.3.0/../../../../../H-x86_64-mingw32/nios2-elf/lib\libc.a(lib_a-mallocr.o)
                0x0000000000031e38                __malloc_trim_threshold
 .sdata.__wctomb
                0x0000000000031e3c        0x4 c:/intelfpga_lite/18.1/nios2eds/bin/gnu/h-x86_64-mingw32/bin/../lib/gcc/nios2-elf/5.3.0/../../../../../H-x86_64-mingw32/nios2-elf/lib\libc.a(lib_a-wctomb_r.o)
                0x0000000000031e3c                __wctomb
 .sdata         0x0000000000031e40       0x14 C:/RTES/variants/onchip_instrCacheDisabled_dataCacheDisabled/sw/nios/onchip_instrCacheDisabled_dataCacheDisabled_bsp/\libhal_bsp.a(alt_dev.o)
                0x0000000000031e40                alt_fs_list
                0x0000000000031e48                alt_dev_list
                0x0000000000031e50                alt_max_fd
 .sdata         0x0000000000031e54        0x4 C:/RTES/variants/onchip_instrCacheDisabled_dataCacheDisabled/sw/nios/onchip_instrCacheDisabled_dataCacheDisabled_bsp/\libhal_bsp.a(alt_errno.o)
                0x0000000000031e54                alt_errno
 .sdata         0x0000000000031e58        0x4 C:/RTES/variants/onchip_instrCacheDisabled_dataCacheDisabled/sw/nios/onchip_instrCacheDisabled_dataCacheDisabled_bsp/\libhal_bsp.a(alt_irq_vars.o)
                0x0000000000031e58                alt_priority_mask
 .sdata         0x0000000000031e5c        0x4 C:/RTES/variants/onchip_instrCacheDisabled_dataCacheDisabled/sw/nios/onchip_instrCacheDisabled_dataCacheDisabled_bsp/\libhal_bsp.a(alt_sbrk.o)
 .sdata         0x0000000000031e60        0x8 C:/RTES/variants/onchip_instrCacheDisabled_dataCacheDisabled/sw/nios/onchip_instrCacheDisabled_dataCacheDisabled_bsp/\libhal_bsp.a(alt_tick.o)
                0x0000000000031e60                alt_alarm_list
 *(.sdata2 .sdata2.* .gnu.linkonce.s2.*)
                0x0000000000031e68                . = ALIGN (0x4)
                0x0000000000031e68                _edata = ABSOLUTE (.)
                [!provide]                        PROVIDE (edata, ABSOLUTE (.))
                0x0000000000031e68                PROVIDE (__ram_rwdata_end, ABSOLUTE (.))
                0x0000000000031e68                PROVIDE (__flash_rwdata_start, LOADADDR (.rwdata))

.bss            0x0000000000033954      0x16c
                0x0000000000033954                __bss_start = ABSOLUTE (.)
                [!provide]                        PROVIDE (__sbss_start, ABSOLUTE (.))
                [!provide]                        PROVIDE (___sbss_start, ABSOLUTE (.))
 *(.dynsbss)
 *(.sbss .sbss.* .gnu.linkonce.sb.*)
 .sbss          0x0000000000033954        0xc obj/default/hello_world.o
                0x0000000000033954                snaph
                0x0000000000033958                flag
                0x000000000003395c                snapl
 .sbss._PathLocale
                0x0000000000033960        0x4 c:/intelfpga_lite/18.1/nios2eds/bin/gnu/h-x86_64-mingw32/bin/../lib/gcc/nios2-elf/5.3.0/../../../../../H-x86_64-mingw32/nios2-elf/lib\libc.a(lib_a-locale.o)
                0x0000000000033960                _PathLocale
 .sbss.__mlocale_changed
                0x0000000000033964        0x4 c:/intelfpga_lite/18.1/nios2eds/bin/gnu/h-x86_64-mingw32/bin/../lib/gcc/nios2-elf/5.3.0/../../../../../H-x86_64-mingw32/nios2-elf/lib\libc.a(lib_a-locale.o)
                0x0000000000033964                __mlocale_changed
 .sbss.__nlocale_changed
                0x0000000000033968        0x4 c:/intelfpga_lite/18.1/nios2eds/bin/gnu/h-x86_64-mingw32/bin/../lib/gcc/nios2-elf/5.3.0/../../../../../H-x86_64-mingw32/nios2-elf/lib\libc.a(lib_a-locale.o)
                0x0000000000033968                __nlocale_changed
 .sbss.__malloc_max_total_mem
                0x000000000003396c        0x4 c:/intelfpga_lite/18.1/nios2eds/bin/gnu/h-x86_64-mingw32/bin/../lib/gcc/nios2-elf/5.3.0/../../../../../H-x86_64-mingw32/nios2-elf/lib\libc.a(lib_a-mallocr.o)
                0x000000000003396c                __malloc_max_total_mem
 .sbss.__malloc_max_sbrked_mem
                0x0000000000033970        0x4 c:/intelfpga_lite/18.1/nios2eds/bin/gnu/h-x86_64-mingw32/bin/../lib/gcc/nios2-elf/5.3.0/../../../../../H-x86_64-mingw32/nios2-elf/lib\libc.a(lib_a-mallocr.o)
                0x0000000000033970                __malloc_max_sbrked_mem
 .sbss.__malloc_top_pad
                0x0000000000033974        0x4 c:/intelfpga_lite/18.1/nios2eds/bin/gnu/h-x86_64-mingw32/bin/../lib/gcc/nios2-elf/5.3.0/../../../../../H-x86_64-mingw32/nios2-elf/lib\libc.a(lib_a-mallocr.o)